<?xml version="1.0"?>
<link_info>
   <banner>TI ARM Linker PC v5.1.1</banner>
   <copyright>Copyright (c) 1996-2013 Texas Instruments Incorporated</copyright>
   <link_time>0x5547eae9</link_time>
   <link_errors>0x0</link_errors>
   <output_file>uart_echo.out</output_file>
   <entry_point>
      <name>_c_int00</name>
      <address>0x2921</address>
   </entry_point>
   <input_file_list>
      <input_file id="fl-2">
         <path>.\</path>
         <kind>object</kind>
         <file>util.obj</file>
         <name>util.obj</name>
      </input_file>
      <input_file id="fl-3">
         <path>.\</path>
         <kind>object</kind>
         <file>uartstdio.obj</file>
         <name>uartstdio.obj</name>
      </input_file>
      <input_file id="fl-4">
         <path>.\</path>
         <kind>object</kind>
         <file>tmrsys.obj</file>
         <name>tmrsys.obj</name>
      </input_file>
      <input_file id="fl-5">
         <path>.\</path>
         <kind>object</kind>
         <file>startup_ccs.obj</file>
         <name>startup_ccs.obj</name>
      </input_file>
      <input_file id="fl-6">
         <path>.\</path>
         <kind>object</kind>
         <file>something.obj</file>
         <name>something.obj</name>
      </input_file>
      <input_file id="fl-7">
         <path>.\</path>
         <kind>object</kind>
         <file>imu.obj</file>
         <name>imu.obj</name>
      </input_file>
      <input_file id="fl-8">
         <path>.\</path>
         <kind>object</kind>
         <file>i2c_IMU.obj</file>
         <name>i2c_IMU.obj</name>
      </input_file>
      <input_file id="fl-9">
         <path>.\</path>
         <kind>object</kind>
         <file>cpu_usage.obj</file>
         <name>cpu_usage.obj</name>
      </input_file>
      <input_file id="fl-a">
         <path>.\</path>
         <kind>object</kind>
         <file>adxl345.obj</file>
         <name>adxl345.obj</name>
      </input_file>
      <input_file id="fl-f">
         <path>C:\ti\TivaWare_C_Series-2.0.1.11577\driverlib\ccs\Debug\</path>
         <kind>archive</kind>
         <file>driverlib.lib</file>
         <name>timer.obj</name>
      </input_file>
      <input_file id="fl-10">
         <path>C:\ti\TivaWare_C_Series-2.0.1.11577\driverlib\ccs\Debug\</path>
         <kind>archive</kind>
         <file>driverlib.lib</file>
         <name>systick.obj</name>
      </input_file>
      <input_file id="fl-11">
         <path>C:\ti\TivaWare_C_Series-2.0.1.11577\driverlib\ccs\Debug\</path>
         <kind>archive</kind>
         <file>driverlib.lib</file>
         <name>sysctl.obj</name>
      </input_file>
      <input_file id="fl-12">
         <path>C:\ti\TivaWare_C_Series-2.0.1.11577\driverlib\ccs\Debug\</path>
         <kind>archive</kind>
         <file>driverlib.lib</file>
         <name>interrupt.obj</name>
      </input_file>
      <input_file id="fl-13">
         <path>C:\ti\TivaWare_C_Series-2.0.1.11577\driverlib\ccs\Debug\</path>
         <kind>archive</kind>
         <file>driverlib.lib</file>
         <name>i2c.obj</name>
      </input_file>
      <input_file id="fl-14">
         <path>C:\ti\TivaWare_C_Series-2.0.1.11577\driverlib\ccs\Debug\</path>
         <kind>archive</kind>
         <file>driverlib.lib</file>
         <name>gpio.obj</name>
      </input_file>
      <input_file id="fl-15">
         <path>C:\ti\TivaWare_C_Series-2.0.1.11577\driverlib\ccs\Debug\</path>
         <kind>archive</kind>
         <file>driverlib.lib</file>
         <name>cpu.obj</name>
      </input_file>
      <input_file id="fl-13f">
         <path>C:\ti\ccsv5\tools\compiler\arm_5.1.1\lib\</path>
         <kind>archive</kind>
         <file>rtsv7M4_T_le_v4SPD16_eabi.lib</file>
         <name>boot.obj</name>
      </input_file>
      <input_file id="fl-140">
         <path>C:\ti\ccsv5\tools\compiler\arm_5.1.1\lib\</path>
         <kind>archive</kind>
         <file>rtsv7M4_T_le_v4SPD16_eabi.lib</file>
         <name>copy_decompress_none.obj</name>
      </input_file>
      <input_file id="fl-141">
         <path>C:\ti\ccsv5\tools\compiler\arm_5.1.1\lib\</path>
         <kind>archive</kind>
         <file>rtsv7M4_T_le_v4SPD16_eabi.lib</file>
         <name>copy_decompress_rle.obj</name>
      </input_file>
      <input_file id="fl-142">
         <path>C:\ti\ccsv5\tools\compiler\arm_5.1.1\lib\</path>
         <kind>archive</kind>
         <file>rtsv7M4_T_le_v4SPD16_eabi.lib</file>
         <name>copy_zero_init.obj</name>
      </input_file>
      <input_file id="fl-143">
         <path>C:\ti\ccsv5\tools\compiler\arm_5.1.1\lib\</path>
         <kind>archive</kind>
         <file>rtsv7M4_T_le_v4SPD16_eabi.lib</file>
         <name>exit.obj</name>
      </input_file>
      <input_file id="fl-144">
         <path>C:\ti\ccsv5\tools\compiler\arm_5.1.1\lib\</path>
         <kind>archive</kind>
         <file>rtsv7M4_T_le_v4SPD16_eabi.lib</file>
         <name>fd_add_t2.obj</name>
      </input_file>
      <input_file id="fl-145">
         <path>C:\ti\ccsv5\tools\compiler\arm_5.1.1\lib\</path>
         <kind>archive</kind>
         <file>rtsv7M4_T_le_v4SPD16_eabi.lib</file>
         <name>fd_div_t2.obj</name>
      </input_file>
      <input_file id="fl-146">
         <path>C:\ti\ccsv5\tools\compiler\arm_5.1.1\lib\</path>
         <kind>archive</kind>
         <file>rtsv7M4_T_le_v4SPD16_eabi.lib</file>
         <name>fd_mul_t2.obj</name>
      </input_file>
      <input_file id="fl-147">
         <path>C:\ti\ccsv5\tools\compiler\arm_5.1.1\lib\</path>
         <kind>archive</kind>
         <file>rtsv7M4_T_le_v4SPD16_eabi.lib</file>
         <name>fd_toi_t2.obj</name>
      </input_file>
      <input_file id="fl-148">
         <path>C:\ti\ccsv5\tools\compiler\arm_5.1.1\lib\</path>
         <kind>archive</kind>
         <file>rtsv7M4_T_le_v4SPD16_eabi.lib</file>
         <name>fd_tos_t2.obj</name>
      </input_file>
      <input_file id="fl-149">
         <path>C:\ti\ccsv5\tools\compiler\arm_5.1.1\lib\</path>
         <kind>archive</kind>
         <file>rtsv7M4_T_le_v4SPD16_eabi.lib</file>
         <name>fs_tod_t2.obj</name>
      </input_file>
      <input_file id="fl-14a">
         <path>C:\ti\ccsv5\tools\compiler\arm_5.1.1\lib\</path>
         <kind>archive</kind>
         <file>rtsv7M4_T_le_v4SPD16_eabi.lib</file>
         <name>i_tofd_t2.obj</name>
      </input_file>
      <input_file id="fl-14b">
         <path>C:\ti\ccsv5\tools\compiler\arm_5.1.1\lib\</path>
         <kind>archive</kind>
         <file>rtsv7M4_T_le_v4SPD16_eabi.lib</file>
         <name>memcpy_t2.obj</name>
      </input_file>
      <input_file id="fl-14c">
         <path>C:\ti\ccsv5\tools\compiler\arm_5.1.1\lib\</path>
         <kind>archive</kind>
         <file>rtsv7M4_T_le_v4SPD16_eabi.lib</file>
         <name>pow.obj</name>
      </input_file>
      <input_file id="fl-14d">
         <path>C:\ti\ccsv5\tools\compiler\arm_5.1.1\lib\</path>
         <kind>archive</kind>
         <file>rtsv7M4_T_le_v4SPD16_eabi.lib</file>
         <name>sqrt.obj</name>
      </input_file>
      <input_file id="fl-14e">
         <path>C:\ti\ccsv5\tools\compiler\arm_5.1.1\lib\</path>
         <kind>archive</kind>
         <file>rtsv7M4_T_le_v4SPD16_eabi.lib</file>
         <name>stkdepth_vars.obj</name>
      </input_file>
      <input_file id="fl-14f">
         <path>C:\ti\ccsv5\tools\compiler\arm_5.1.1\lib\</path>
         <kind>archive</kind>
         <file>rtsv7M4_T_le_v4SPD16_eabi.lib</file>
         <name>u_divt2.obj</name>
      </input_file>
      <input_file id="fl-150">
         <path>C:\ti\ccsv5\tools\compiler\arm_5.1.1\lib\</path>
         <kind>archive</kind>
         <file>rtsv7M4_T_le_v4SPD16_eabi.lib</file>
         <name>xdint.obj</name>
      </input_file>
      <input_file id="fl-151">
         <path>C:\ti\ccsv5\tools\compiler\arm_5.1.1\lib\</path>
         <kind>archive</kind>
         <file>rtsv7M4_T_le_v4SPD16_eabi.lib</file>
         <name>xdscale.obj</name>
      </input_file>
      <input_file id="fl-152">
         <path>C:\ti\ccsv5\tools\compiler\arm_5.1.1\lib\</path>
         <kind>archive</kind>
         <file>rtsv7M4_T_le_v4SPD16_eabi.lib</file>
         <name>xdunscal.obj</name>
      </input_file>
      <input_file id="fl-153">
         <path>C:\ti\ccsv5\tools\compiler\arm_5.1.1\lib\</path>
         <kind>archive</kind>
         <file>rtsv7M4_T_le_v4SPD16_eabi.lib</file>
         <name>xexp.obj</name>
      </input_file>
      <input_file id="fl-154">
         <path>C:\ti\ccsv5\tools\compiler\arm_5.1.1\lib\</path>
         <kind>archive</kind>
         <file>rtsv7M4_T_le_v4SPD16_eabi.lib</file>
         <name>xferaise.obj</name>
      </input_file>
      <input_file id="fl-155">
         <path>C:\ti\ccsv5\tools\compiler\arm_5.1.1\lib\</path>
         <kind>archive</kind>
         <file>rtsv7M4_T_le_v4SPD16_eabi.lib</file>
         <name>xvalues.obj</name>
      </input_file>
      <input_file id="fl-156">
         <path>C:\ti\ccsv5\tools\compiler\arm_5.1.1\lib\</path>
         <kind>archive</kind>
         <file>rtsv7M4_T_le_v4SPD16_eabi.lib</file>
         <name>_lock.obj</name>
      </input_file>
      <input_file id="fl-157">
         <path>C:\ti\ccsv5\tools\compiler\arm_5.1.1\lib\</path>
         <kind>archive</kind>
         <file>rtsv7M4_T_le_v4SPD16_eabi.lib</file>
         <name>args_main.obj</name>
      </input_file>
      <input_file id="fl-158">
         <path>C:\ti\ccsv5\tools\compiler\arm_5.1.1\lib\</path>
         <kind>archive</kind>
         <file>rtsv7M4_T_le_v4SPD16_eabi.lib</file>
         <name>auto_init.obj</name>
      </input_file>
      <input_file id="fl-159">
         <path>C:\ti\ccsv5\tools\compiler\arm_5.1.1\lib\</path>
         <kind>archive</kind>
         <file>rtsv7M4_T_le_v4SPD16_eabi.lib</file>
         <name>cpy_tbl.obj</name>
      </input_file>
      <input_file id="fl-15a">
         <path>C:\ti\ccsv5\tools\compiler\arm_5.1.1\lib\</path>
         <kind>archive</kind>
         <file>rtsv7M4_T_le_v4SPD16_eabi.lib</file>
         <name>errno.obj</name>
      </input_file>
      <input_file id="fl-15b">
         <path>C:\ti\ccsv5\tools\compiler\arm_5.1.1\lib\</path>
         <kind>archive</kind>
         <file>rtsv7M4_T_le_v4SPD16_eabi.lib</file>
         <name>fd_cmp_t2.obj</name>
      </input_file>
      <input_file id="fl-15c">
         <path>C:\ti\ccsv5\tools\compiler\arm_5.1.1\lib\</path>
         <kind>archive</kind>
         <file>rtsv7M4_T_le_v4SPD16_eabi.lib</file>
         <name>feraiseexcept.obj</name>
      </input_file>
      <input_file id="fl-15d">
         <path>C:\ti\ccsv5\tools\compiler\arm_5.1.1\lib\</path>
         <kind>archive</kind>
         <file>rtsv7M4_T_le_v4SPD16_eabi.lib</file>
         <name>log.obj</name>
      </input_file>
      <input_file id="fl-15e">
         <path>C:\ti\ccsv5\tools\compiler\arm_5.1.1\lib\</path>
         <kind>archive</kind>
         <file>rtsv7M4_T_le_v4SPD16_eabi.lib</file>
         <name>raise.obj</name>
      </input_file>
      <input_file id="fl-15f">
         <path>C:\ti\ccsv5\tools\compiler\arm_5.1.1\lib\</path>
         <kind>archive</kind>
         <file>rtsv7M4_T_le_v4SPD16_eabi.lib</file>
         <name>signal.obj</name>
      </input_file>
      <input_file id="fl-160">
         <path>C:\ti\ccsv5\tools\compiler\arm_5.1.1\lib\</path>
         <kind>archive</kind>
         <file>rtsv7M4_T_le_v4SPD16_eabi.lib</file>
         <name>xdnorm.obj</name>
      </input_file>
      <input_file id="fl-161">
         <path>C:\ti\ccsv5\tools\compiler\arm_5.1.1\lib\</path>
         <kind>archive</kind>
         <file>rtsv7M4_T_le_v4SPD16_eabi.lib</file>
         <name>xlog.obj</name>
      </input_file>
      <input_file id="fl-162">
         <path>C:\ti\ccsv5\tools\compiler\arm_5.1.1\lib\</path>
         <kind>archive</kind>
         <file>rtsv7M4_T_le_v4SPD16_eabi.lib</file>
         <name>xfvalues.obj</name>
      </input_file>
   </input_file_list>
   <object_component_list>
      <object_component id="oc-e">
         <name>.intvecs</name>
         <load_address>0x0</load_address>
         <run_address>0x0</run_address>
         <size>0x26c</size>
         <input_file_ref idref="fl-5"/>
      </object_component>
      <object_component id="oc-136">
         <name>.text</name>
         <load_address>0x26c</load_address>
         <run_address>0x26c</run_address>
         <size>0x4a8</size>
         <input_file_ref idref="fl-14c"/>
      </object_component>
      <object_component id="oc-42">
         <name>.text:Timer1IntHandler</name>
         <load_address>0x714</load_address>
         <run_address>0x714</run_address>
         <size>0x404</size>
         <input_file_ref idref="fl-6"/>
      </object_component>
      <object_component id="oc-277">
         <name>.text</name>
         <load_address>0xb18</load_address>
         <run_address>0xb18</run_address>
         <size>0x2ec</size>
         <input_file_ref idref="fl-161"/>
      </object_component>
      <object_component id="oc-1ec">
         <name>.text</name>
         <load_address>0xe04</load_address>
         <run_address>0xe04</run_address>
         <size>0x1fc</size>
         <input_file_ref idref="fl-153"/>
      </object_component>
      <object_component id="oc-1f3">
         <name>.text:UARTvprintf</name>
         <load_address>0x1000</load_address>
         <run_address>0x1000</run_address>
         <size>0x1ea</size>
         <input_file_ref idref="fl-3"/>
      </object_component>
      <object_component id="oc-2e">
         <name>.text:FaultISR</name>
         <load_address>0x11ea</load_address>
         <run_address>0x11ea</run_address>
         <size>0x2</size>
         <input_file_ref idref="fl-5"/>
      </object_component>
      <object_component id="oc-e7">
         <name>.text:main</name>
         <load_address>0x11ec</load_address>
         <run_address>0x11ec</run_address>
         <size>0x1d4</size>
         <input_file_ref idref="fl-6"/>
      </object_component>
      <object_component id="oc-ab">
         <name>.text</name>
         <load_address>0x13c0</load_address>
         <run_address>0x13c0</run_address>
         <size>0x1b6</size>
         <input_file_ref idref="fl-144"/>
      </object_component>
      <object_component id="oc-33">
         <name>.text:IntDefaultHandler</name>
         <load_address>0x1576</load_address>
         <run_address>0x1576</run_address>
         <size>0x2</size>
         <input_file_ref idref="fl-5"/>
      </object_component>
      <object_component id="oc-c1">
         <name>.text:collision_detected</name>
         <load_address>0x1578</load_address>
         <run_address>0x1578</run_address>
         <size>0x160</size>
         <input_file_ref idref="fl-6"/>
      </object_component>
      <object_component id="oc-12c">
         <name>.text</name>
         <load_address>0x16d8</load_address>
         <run_address>0x16d8</run_address>
         <size>0x148</size>
         <input_file_ref idref="fl-14d"/>
      </object_component>
      <object_component id="oc-131">
         <name>.text</name>
         <load_address>0x1820</load_address>
         <run_address>0x1820</run_address>
         <size>0x136</size>
         <input_file_ref idref="fl-145"/>
      </object_component>
      <object_component id="oc-208">
         <name>.text:GPIOPadConfigSet</name>
         <load_address>0x1956</load_address>
         <run_address>0x1956</run_address>
         <size>0x130</size>
         <input_file_ref idref="fl-14"/>
      </object_component>
      <object_component id="oc-29">
         <name>.text:NmiSR</name>
         <load_address>0x1a86</load_address>
         <run_address>0x1a86</run_address>
         <size>0x2</size>
         <input_file_ref idref="fl-5"/>
      </object_component>
      <object_component id="oc-1c8">
         <name>.text</name>
         <load_address>0x1a88</load_address>
         <run_address>0x1a88</run_address>
         <size>0x110</size>
         <input_file_ref idref="fl-151"/>
      </object_component>
      <object_component id="oc-14d">
         <name>.text:SysCtlClockSet</name>
         <load_address>0x1b98</load_address>
         <run_address>0x1b98</run_address>
         <size>0x104</size>
         <input_file_ref idref="fl-11"/>
      </object_component>
      <object_component id="oc-b3">
         <name>.text</name>
         <load_address>0x1c9c</load_address>
         <run_address>0x1c9c</run_address>
         <size>0xfc</size>
         <input_file_ref idref="fl-146"/>
      </object_component>
      <object_component id="oc-11e">
         <name>.text:i2c_RcvBuf</name>
         <load_address>0x1d98</load_address>
         <run_address>0x1d98</run_address>
         <size>0xd8</size>
         <input_file_ref idref="fl-8"/>
      </object_component>
      <object_component id="oc-82">
         <name>.text:SysCtlClockGet</name>
         <load_address>0x1e70</load_address>
         <run_address>0x1e70</run_address>
         <size>0xc8</size>
         <input_file_ref idref="fl-11"/>
      </object_component>
      <object_component id="oc-235">
         <name>.text:i2c_XmtByte</name>
         <load_address>0x1f38</load_address>
         <run_address>0x1f38</run_address>
         <size>0xc8</size>
         <input_file_ref idref="fl-8"/>
      </object_component>
      <object_component id="oc-1d6">
         <name>.text</name>
         <load_address>0x2000</load_address>
         <run_address>0x2000</run_address>
         <size>0xc4</size>
         <input_file_ref idref="fl-150"/>
      </object_component>
      <object_component id="oc-259">
         <name>.text</name>
         <load_address>0x20c4</load_address>
         <run_address>0x20c4</run_address>
         <size>0xc4</size>
         <input_file_ref idref="fl-160"/>
      </object_component>
      <object_component id="oc-bc">
         <name>.text:compute_distance_2</name>
         <load_address>0x2188</load_address>
         <run_address>0x2188</run_address>
         <size>0xa8</size>
         <input_file_ref idref="fl-6"/>
      </object_component>
      <object_component id="oc-2a1">
         <name>.text:i2c_RcvByte</name>
         <load_address>0x2230</load_address>
         <run_address>0x2230</run_address>
         <size>0xa8</size>
         <input_file_ref idref="fl-8"/>
      </object_component>
      <object_component id="oc-5b">
         <name>.text</name>
         <load_address>0x22d8</load_address>
         <run_address>0x22d8</run_address>
         <size>0x9c</size>
         <input_file_ref idref="fl-14b"/>
      </object_component>
      <object_component id="oc-4a">
         <name>.text</name>
         <load_address>0x2374</load_address>
         <run_address>0x2374</run_address>
         <size>0x94</size>
         <input_file_ref idref="fl-158"/>
      </object_component>
      <object_component id="oc-3d">
         <name>.text:Timer0IntHandler</name>
         <load_address>0x2408</load_address>
         <run_address>0x2408</run_address>
         <size>0x90</size>
         <input_file_ref idref="fl-6"/>
      </object_component>
      <object_component id="oc-1db">
         <name>.text:__aeabi_cdcmple</name>
         <load_address>0x2498</load_address>
         <run_address>0x2498</run_address>
         <size>0x7e</size>
         <input_file_ref idref="fl-15b"/>
      </object_component>
      <object_component id="oc-38">
         <name>.text:UARTIntHandler</name>
         <load_address>0x2518</load_address>
         <run_address>0x2518</run_address>
         <size>0x78</size>
         <input_file_ref idref="fl-6"/>
      </object_component>
      <object_component id="oc-a2">
         <name>.text:adxl345_GetCorrectedData</name>
         <load_address>0x2590</load_address>
         <run_address>0x2590</run_address>
         <size>0x6c</size>
         <input_file_ref idref="fl-a"/>
      </object_component>
      <object_component id="oc-b7">
         <name>.text:compute_distance_1</name>
         <load_address>0x25fc</load_address>
         <run_address>0x25fc</run_address>
         <size>0x68</size>
         <input_file_ref idref="fl-6"/>
      </object_component>
      <object_component id="oc-1c3">
         <name>.text</name>
         <load_address>0x2664</load_address>
         <run_address>0x2664</run_address>
         <size>0x64</size>
         <input_file_ref idref="fl-152"/>
      </object_component>
      <object_component id="oc-166">
         <name>.text:IntEnable</name>
         <load_address>0x26c8</load_address>
         <run_address>0x26c8</run_address>
         <size>0x60</size>
         <input_file_ref idref="fl-12"/>
      </object_component>
      <object_component id="oc-184">
         <name>.text:UARTStdioConfig</name>
         <load_address>0x2728</load_address>
         <run_address>0x2728</run_address>
         <size>0x60</size>
         <input_file_ref idref="fl-3"/>
      </object_component>
      <object_component id="oc-6d">
         <name>.text</name>
         <load_address>0x2788</load_address>
         <run_address>0x2788</run_address>
         <size>0x5e</size>
         <input_file_ref idref="fl-141"/>
      </object_component>
      <object_component id="oc-15c">
         <name>.text:TimerConfigure</name>
         <load_address>0x27e8</load_address>
         <run_address>0x27e8</run_address>
         <size>0x5c</size>
         <input_file_ref idref="fl-f"/>
      </object_component>
      <object_component id="oc-af">
         <name>.text</name>
         <load_address>0x2844</load_address>
         <run_address>0x2844</run_address>
         <size>0x4a</size>
         <input_file_ref idref="fl-148"/>
      </object_component>
      <object_component id="oc-17f">
         <name>.text:GPIOPinConfigure</name>
         <load_address>0x2890</load_address>
         <run_address>0x2890</run_address>
         <size>0x48</size>
         <input_file_ref idref="fl-14"/>
      </object_component>
      <object_component id="oc-284">
         <name>.text:UARTwrite</name>
         <load_address>0x28d8</load_address>
         <run_address>0x28d8</run_address>
         <size>0x48</size>
         <input_file_ref idref="fl-3"/>
      </object_component>
      <object_component id="oc-10">
         <name>.text</name>
         <load_address>0x2920</load_address>
         <run_address>0x2920</run_address>
         <size>0x48</size>
         <input_file_ref idref="fl-13f"/>
      </object_component>
      <object_component id="oc-1e3">
         <name>.text</name>
         <load_address>0x2968</load_address>
         <run_address>0x2968</run_address>
         <size>0x48</size>
         <input_file_ref idref="fl-147"/>
      </object_component>
      <object_component id="oc-c6">
         <name>.text:uarttogui</name>
         <load_address>0x29b0</load_address>
         <run_address>0x29b0</run_address>
         <size>0x46</size>
         <input_file_ref idref="fl-6"/>
      </object_component>
      <object_component id="oc-9d">
         <name>.text:adxl345_ReadXYZRawData</name>
         <load_address>0x29f6</load_address>
         <run_address>0x29f6</run_address>
         <size>0x44</size>
         <input_file_ref idref="fl-a"/>
      </object_component>
      <object_component id="oc-e1">
         <name>.text</name>
         <load_address>0x2a3c</load_address>
         <run_address>0x2a3c</run_address>
         <size>0x44</size>
         <input_file_ref idref="fl-159"/>
      </object_component>
      <object_component id="oc-53">
         <name>.text</name>
         <load_address>0x2a80</load_address>
         <run_address>0x2a80</run_address>
         <size>0x44</size>
         <input_file_ref idref="fl-143"/>
      </object_component>
      <object_component id="oc-289">
         <name>.text</name>
         <load_address>0x2ac4</load_address>
         <run_address>0x2ac4</run_address>
         <size>0x42</size>
         <input_file_ref idref="fl-14f"/>
      </object_component>
      <object_component id="oc-2d8">
         <name>.text</name>
         <load_address>0x2b08</load_address>
         <run_address>0x2b08</run_address>
         <size>0x40</size>
         <input_file_ref idref="fl-15f"/>
      </object_component>
      <object_component id="oc-a7">
         <name>.text</name>
         <load_address>0x2b48</load_address>
         <run_address>0x2b48</run_address>
         <size>0x38</size>
         <input_file_ref idref="fl-149"/>
      </object_component>
      <object_component id="oc-152">
         <name>.text:SysCtlPeripheralEnable</name>
         <load_address>0x2b80</load_address>
         <run_address>0x2b80</run_address>
         <size>0x34</size>
         <input_file_ref idref="fl-11"/>
      </object_component>
      <object_component id="oc-23a">
         <name>.text:adxl345_SetRangeSetting</name>
         <load_address>0x2bb4</load_address>
         <run_address>0x2bb4</run_address>
         <size>0x34</size>
         <input_file_ref idref="fl-a"/>
      </object_component>
      <object_component id="oc-262">
         <name>.text</name>
         <load_address>0x2be8</load_address>
         <run_address>0x2be8</run_address>
         <size>0x34</size>
         <input_file_ref idref="fl-15c"/>
      </object_component>
      <object_component id="oc-1cd">
         <name>.text</name>
         <load_address>0x2c1c</load_address>
         <run_address>0x2c1c</run_address>
         <size>0x30</size>
         <input_file_ref idref="fl-154"/>
      </object_component>
      <object_component id="oc-2a9">
         <name>.text:adxl345_SetRegisterBit</name>
         <load_address>0x2c4c</load_address>
         <run_address>0x2c4c</run_address>
         <size>0x2e</size>
         <input_file_ref idref="fl-a"/>
      </object_component>
      <object_component id="oc-1df">
         <name>.text</name>
         <load_address>0x2c7a</load_address>
         <run_address>0x2c7a</run_address>
         <size>0x2e</size>
         <input_file_ref idref="fl-14a"/>
      </object_component>
      <object_component id="oc-2ba">
         <name>.text</name>
         <load_address>0x2ca8</load_address>
         <run_address>0x2ca8</run_address>
         <size>0x2e</size>
         <input_file_ref idref="fl-15e"/>
      </object_component>
      <object_component id="oc-189">
         <name>.text:adxl345_Config</name>
         <load_address>0x2cd6</load_address>
         <run_address>0x2cd6</run_address>
         <size>0x2c</size>
         <input_file_ref idref="fl-a"/>
      </object_component>
      <object_component id="oc-20d">
         <name>.text:GPIODirModeSet</name>
         <load_address>0x2d02</load_address>
         <run_address>0x2d02</run_address>
         <size>0x2a</size>
         <input_file_ref idref="fl-14"/>
      </object_component>
      <object_component id="oc-244">
         <name>.text:adxl345_SetAxisOffset</name>
         <load_address>0x2d2c</load_address>
         <run_address>0x2d2c</run_address>
         <size>0x26</size>
         <input_file_ref idref="fl-a"/>
      </object_component>
      <object_component id="oc-13d">
         <name>.text:UARTprintf</name>
         <load_address>0x2d52</load_address>
         <run_address>0x2d52</run_address>
         <size>0x1a</size>
         <input_file_ref idref="fl-3"/>
      </object_component>
      <object_component id="oc-230">
         <name>.text:adxl345_BypassFifo</name>
         <load_address>0x2d6c</load_address>
         <run_address>0x2d6c</run_address>
         <size>0x1a</size>
         <input_file_ref idref="fl-a"/>
      </object_component>
      <object_component id="oc-1e7">
         <name>.text</name>
         <load_address>0x2d86</load_address>
         <run_address>0x2d86</run_address>
         <size>0x1a</size>
         <input_file_ref idref="fl-15d"/>
      </object_component>
      <object_component id="oc-157">
         <name>.text:GPIOPinTypeGPIOOutput</name>
         <load_address>0x2da0</load_address>
         <run_address>0x2da0</run_address>
         <size>0x18</size>
         <input_file_ref idref="fl-14"/>
      </object_component>
      <object_component id="oc-4e">
         <name>.text</name>
         <load_address>0x2db8</load_address>
         <run_address>0x2db8</run_address>
         <size>0x18</size>
         <input_file_ref idref="fl-157"/>
      </object_component>
      <object_component id="oc-196">
         <name>.text</name>
         <load_address>0x2dd0</load_address>
         <run_address>0x2dd0</run_address>
         <size>0x14</size>
         <input_file_ref idref="fl-156"/>
      </object_component>
      <object_component id="oc-17a">
         <name>.text:GPIOPinTypeI2CSCL</name>
         <load_address>0x2de4</load_address>
         <run_address>0x2de4</run_address>
         <size>0x12</size>
         <input_file_ref idref="fl-14"/>
      </object_component>
      <object_component id="oc-161">
         <name>.text:TimerLoadSet</name>
         <load_address>0x2df6</load_address>
         <run_address>0x2df6</run_address>
         <size>0x12</size>
         <input_file_ref idref="fl-f"/>
      </object_component>
      <object_component id="oc-19">
         <name>.text:decompress:ZI</name>
         <load_address>0x2e08</load_address>
         <run_address>0x2e08</run_address>
         <size>0x12</size>
         <input_file_ref idref="fl-142"/>
      </object_component>
      <object_component id="oc-175">
         <name>.text:TimerEnable</name>
         <load_address>0x2e1a</load_address>
         <run_address>0x2e1a</run_address>
         <size>0xe</size>
         <input_file_ref idref="fl-f"/>
      </object_component>
      <object_component id="oc-14">
         <name>.text:decompress:none</name>
         <load_address>0x2e28</load_address>
         <run_address>0x2e28</run_address>
         <size>0xe</size>
         <input_file_ref idref="fl-140"/>
      </object_component>
      <object_component id="oc-21a">
         <name>.text:CPUcpsie</name>
         <load_address>0x2e36</load_address>
         <run_address>0x2e36</run_address>
         <size>0xc</size>
         <input_file_ref idref="fl-15"/>
      </object_component>
      <object_component id="oc-170">
         <name>.text:IntMasterEnable</name>
         <load_address>0x2e42</load_address>
         <run_address>0x2e42</run_address>
         <size>0xa</size>
         <input_file_ref idref="fl-12"/>
      </object_component>
      <object_component id="oc-cb">
         <name>.text:TimerValueGet</name>
         <load_address>0x2e4c</load_address>
         <run_address>0x2e4c</run_address>
         <size>0xa</size>
         <input_file_ref idref="fl-f"/>
      </object_component>
      <object_component id="oc-22b">
         <name>.text:adxl345_PowerOn</name>
         <load_address>0x2e56</load_address>
         <run_address>0x2e56</run_address>
         <size>0xa</size>
         <input_file_ref idref="fl-a"/>
      </object_component>
      <object_component id="oc-23f">
         <name>.text:adxl345_SetFullResBit</name>
         <load_address>0x2e60</load_address>
         <run_address>0x2e60</run_address>
         <size>0xa</size>
         <input_file_ref idref="fl-a"/>
      </object_component>
      <object_component id="oc-16b">
         <name>.text:TimerIntEnable</name>
         <load_address>0x2e6a</load_address>
         <run_address>0x2e6a</run_address>
         <size>0x8</size>
         <input_file_ref idref="fl-f"/>
      </object_component>
      <object_component id="oc-93">
         <name>.text:GPIOPinRead</name>
         <load_address>0x2e72</load_address>
         <run_address>0x2e72</run_address>
         <size>0x6</size>
         <input_file_ref idref="fl-14"/>
      </object_component>
      <object_component id="oc-7d">
         <name>.text:GPIOPinWrite</name>
         <load_address>0x2e78</load_address>
         <run_address>0x2e78</run_address>
         <size>0x6</size>
         <input_file_ref idref="fl-14"/>
      </object_component>
      <object_component id="oc-24">
         <name>.text:ResetISR</name>
         <load_address>0x2e7e</load_address>
         <run_address>0x2e7e</run_address>
         <size>0x6</size>
         <input_file_ref idref="fl-5"/>
      </object_component>
      <object_component id="oc-87">
         <name>.text:SysCtlDelay</name>
         <load_address>0x2e84</load_address>
         <run_address>0x2e84</run_address>
         <size>0x6</size>
         <input_file_ref idref="fl-11"/>
      </object_component>
      <object_component id="oc-1e">
         <name>.text:decompress:rle24</name>
         <load_address>0x2e8a</load_address>
         <run_address>0x2e8a</run_address>
         <size>0x6</size>
         <input_file_ref idref="fl-141"/>
      </object_component>
      <object_component id="oc-1ae">
         <name>.text:I2CMasterDataGet</name>
         <load_address>0x2e90</load_address>
         <run_address>0x2e90</run_address>
         <size>0x4</size>
         <input_file_ref idref="fl-13"/>
      </object_component>
      <object_component id="oc-8e">
         <name>.text:TimerIntClear</name>
         <load_address>0x2e94</load_address>
         <run_address>0x2e94</run_address>
         <size>0x4</size>
         <input_file_ref idref="fl-f"/>
      </object_component>
      <object_component id="oc-222">
         <name>.const:g_pui32GPIOBaseAddrs</name>
         <load_address>0x2e98</load_address>
         <run_address>0x2e98</run_address>
         <size>0x90</size>
         <input_file_ref idref="fl-14"/>
      </object_component>
      <object_component id="oc-215">
         <name>.const</name>
         <load_address>0x2f28</load_address>
         <run_address>0x2f28</run_address>
         <size>0x70</size>
         <input_file_ref idref="fl-12"/>
      </object_component>
      <object_component id="oc-10f">
         <name>.const:g_pui32Xtals</name>
         <load_address>0x2f98</load_address>
         <run_address>0x2f98</run_address>
         <size>0x6c</size>
         <input_file_ref idref="fl-11"/>
      </object_component>
      <object_component id="oc-27e">
         <name>.const</name>
         <load_address>0x3008</load_address>
         <run_address>0x3008</run_address>
         <size>0x48</size>
         <input_file_ref idref="fl-153"/>
      </object_component>
      <object_component id="oc-2c8">
         <name>.const:p</name>
         <load_address>0x3050</load_address>
         <run_address>0x3050</run_address>
         <size>0x38</size>
         <input_file_ref idref="fl-161"/>
      </object_component>
      <object_component id="oc-271">
         <name>.const</name>
         <load_address>0x3088</load_address>
         <run_address>0x3088</run_address>
         <size>0x30</size>
         <input_file_ref idref="fl-150"/>
      </object_component>
      <object_component id="oc-225">
         <name>.const</name>
         <load_address>0x30b8</load_address>
         <run_address>0x30b8</run_address>
         <size>0x1c</size>
         <input_file_ref idref="fl-3"/>
      </object_component>
      <object_component id="oc-299">
         <name>.const:.string</name>
         <load_address>0x30d4</load_address>
         <run_address>0x30d4</run_address>
         <size>0x12</size>
         <input_file_ref idref="fl-3"/>
      </object_component>
      <object_component id="oc-31a">
         <name>.cinit..data.load</name>
         <load_address>0x30e8</load_address>
         <run_address>0x30e8</run_address>
         <size>0xaf</size>
      </object_component>
      <object_component id="oc-318">
         <name>__TI_handler_table</name>
         <load_address>0x3198</load_address>
         <run_address>0x3198</run_address>
         <size>0xc</size>
      </object_component>
      <object_component id="oc-31b">
         <name>.cinit..bss.load</name>
         <load_address>0x31a8</load_address>
         <run_address>0x31a8</run_address>
         <size>0x8</size>
      </object_component>
      <object_component id="oc-319">
         <name>__TI_cinit_table</name>
         <load_address>0x31b0</load_address>
         <run_address>0x31b0</run_address>
         <size>0x10</size>
      </object_component>
      <object_component id="oc-58">
         <name>.data</name>
         <load_address>0x20005864</load_address>
         <run_address>0x20005864</run_address>
         <size>0x4</size>
         <input_file_ref idref="fl-14e"/>
      </object_component>
      <object_component id="oc-98">
         <name>.data</name>
         <load_address>0x200057e8</load_address>
         <run_address>0x200057e8</run_address>
         <size>0x58</size>
         <input_file_ref idref="fl-6"/>
      </object_component>
      <object_component id="oc-ee">
         <name>.data</name>
         <load_address>0x20005840</load_address>
         <run_address>0x20005840</run_address>
         <size>0x8</size>
         <input_file_ref idref="fl-156"/>
      </object_component>
      <object_component id="oc-f0">
         <name>.data</name>
         <load_address>0x20005848</load_address>
         <run_address>0x20005848</run_address>
         <size>0x8</size>
         <input_file_ref idref="fl-143"/>
      </object_component>
      <object_component id="oc-1d2">
         <name>.data</name>
         <load_address>0x20005700</load_address>
         <run_address>0x20005700</run_address>
         <size>0x80</size>
         <input_file_ref idref="fl-155"/>
      </object_component>
      <object_component id="oc-227">
         <name>.data</name>
         <load_address>0x20005858</load_address>
         <run_address>0x20005858</run_address>
         <size>0x5</size>
         <input_file_ref idref="fl-3"/>
      </object_component>
      <object_component id="oc-267">
         <name>.data</name>
         <load_address>0x20005860</load_address>
         <run_address>0x20005860</run_address>
         <size>0x4</size>
         <input_file_ref idref="fl-15a"/>
      </object_component>
      <object_component id="oc-2bf">
         <name>.data</name>
         <load_address>0x20005850</load_address>
         <run_address>0x20005850</run_address>
         <size>0x8</size>
         <input_file_ref idref="fl-15c"/>
      </object_component>
      <object_component id="oc-2c6">
         <name>.data</name>
         <load_address>0x20005780</load_address>
         <run_address>0x20005780</run_address>
         <size>0x68</size>
         <input_file_ref idref="fl-162"/>
      </object_component>
      <object_component id="oc-2ed">
         <name>.data:sigtable</name>
         <load_address>0x20005650</load_address>
         <run_address>0x20005650</run_address>
         <size>0xb0</size>
         <input_file_ref idref="fl-15f"/>
      </object_component>
      <object_component id="oc-9a">
         <name>.bss:ball1</name>
         <uninitialized>true</uninitialized>
         <run_address>0x20000000</run_address>
         <size>0x36b0</size>
         <input_file_ref idref="fl-6"/>
      </object_component>
      <object_component id="oc-125">
         <name>.bss:gADXL345</name>
         <uninitialized>true</uninitialized>
         <run_address>0x200036b0</run_address>
         <size>0x2c</size>
         <input_file_ref idref="fl-a"/>
      </object_component>
      <object_component id="oc-db">
         <name>.common:ui32Value</name>
         <uninitialized>true</uninitialized>
         <run_address>0x20003700</run_address>
         <size>0x4</size>
      </object_component>
      <object_component id="oc-dd">
         <name>.common:ui32Usage</name>
         <uninitialized>true</uninitialized>
         <run_address>0x200036fc</run_address>
         <size>0x4</size>
      </object_component>
      <object_component id="oc-dc">
         <name>.common:g_ui32CPUUsagePrevious</name>
         <uninitialized>true</uninitialized>
         <run_address>0x200036f4</run_address>
         <size>0x4</size>
      </object_component>
      <object_component id="oc-d6">
         <name>.common:gAXC</name>
         <uninitialized>true</uninitialized>
         <run_address>0x200036e8</run_address>
         <size>0x4</size>
      </object_component>
      <object_component id="oc-d4">
         <name>.common:gAYC</name>
         <uninitialized>true</uninitialized>
         <run_address>0x200036ec</run_address>
         <size>0x4</size>
      </object_component>
      <object_component id="oc-d5">
         <name>.common:gAZC</name>
         <uninitialized>true</uninitialized>
         <run_address>0x200036f0</run_address>
         <size>0x4</size>
      </object_component>
      <object_component id="oc-d7">
         <name>.common:fraction</name>
         <uninitialized>true</uninitialized>
         <run_address>0x200036e4</run_address>
         <size>0x4</size>
      </object_component>
      <object_component id="oc-d9">
         <name>.common:d1</name>
         <uninitialized>true</uninitialized>
         <run_address>0x200036dc</run_address>
         <size>0x4</size>
      </object_component>
      <object_component id="oc-d8">
         <name>.common:d2</name>
         <uninitialized>true</uninitialized>
         <run_address>0x200036e0</run_address>
         <size>0x4</size>
      </object_component>
      <object_component id="oc-d0">
         <name>.common:gAXRaw</name>
         <uninitialized>true</uninitialized>
         <run_address>0x20003704</run_address>
         <size>0x2</size>
      </object_component>
      <object_component id="oc-d2">
         <name>.common:gAYRaw</name>
         <uninitialized>true</uninitialized>
         <run_address>0x20003706</run_address>
         <size>0x2</size>
      </object_component>
      <object_component id="oc-d3">
         <name>.common:gAZRaw</name>
         <uninitialized>true</uninitialized>
         <run_address>0x20003708</run_address>
         <size>0x2</size>
      </object_component>
      <object_component id="oc-da">
         <name>.common:percent</name>
         <uninitialized>true</uninitialized>
         <run_address>0x200036f8</run_address>
         <size>0x4</size>
      </object_component>
      <object_component id="oc-23">
         <name>.stack</name>
         <uninitialized>true</uninitialized>
         <run_address>0x2000370c</run_address>
         <size>0x0</size>
         <input_file_ref idref="fl-13f"/>
      </object_component>
      <object_component id="oc-31c">
         <name>.stack</name>
         <uninitialized>true</uninitialized>
         <run_address>0x2000370c</run_address>
         <size>0x0</size>
      </object_component>
      <object_component id="oc-f">
         <name>.debug_info</name>
         <load_address>0x0</load_address>
         <run_address>0x0</run_address>
         <size>0xd7</size>
         <input_file_ref idref="fl-5"/>
      </object_component>
      <object_component id="oc-11">
         <name>.debug_info</name>
         <load_address>0xd7</load_address>
         <run_address>0xd7</run_address>
         <size>0xf3</size>
         <input_file_ref idref="fl-13f"/>
      </object_component>
      <object_component id="oc-15">
         <name>.debug_info</name>
         <load_address>0x1ca</load_address>
         <run_address>0x1ca</run_address>
         <size>0x194</size>
         <input_file_ref idref="fl-140"/>
      </object_component>
      <object_component id="oc-1a">
         <name>.debug_info</name>
         <load_address>0x35e</load_address>
         <run_address>0x35e</run_address>
         <size>0x16a</size>
         <input_file_ref idref="fl-142"/>
      </object_component>
      <object_component id="oc-1f">
         <name>.debug_info</name>
         <load_address>0x4c8</load_address>
         <run_address>0x4c8</run_address>
         <size>0x18e</size>
         <input_file_ref idref="fl-141"/>
      </object_component>
      <object_component id="oc-27">
         <name>.debug_info</name>
         <load_address>0x656</load_address>
         <run_address>0x656</run_address>
         <size>0x107</size>
         <input_file_ref idref="fl-5"/>
      </object_component>
      <object_component id="oc-2a">
         <name>.debug_info</name>
         <load_address>0x75d</load_address>
         <run_address>0x75d</run_address>
         <size>0xf8</size>
         <input_file_ref idref="fl-5"/>
      </object_component>
      <object_component id="oc-2f">
         <name>.debug_info</name>
         <load_address>0x855</load_address>
         <run_address>0x855</run_address>
         <size>0xfe</size>
         <input_file_ref idref="fl-5"/>
      </object_component>
      <object_component id="oc-34">
         <name>.debug_info</name>
         <load_address>0x953</load_address>
         <run_address>0x953</run_address>
         <size>0x110</size>
         <input_file_ref idref="fl-5"/>
      </object_component>
      <object_component id="oc-39">
         <name>.debug_info</name>
         <load_address>0xa63</load_address>
         <run_address>0xa63</run_address>
         <size>0x196</size>
         <input_file_ref idref="fl-6"/>
      </object_component>
      <object_component id="oc-3e">
         <name>.debug_info</name>
         <load_address>0xbf9</load_address>
         <run_address>0xbf9</run_address>
         <size>0x14d</size>
         <input_file_ref idref="fl-6"/>
      </object_component>
      <object_component id="oc-43">
         <name>.debug_info</name>
         <load_address>0xd46</load_address>
         <run_address>0xd46</run_address>
         <size>0x33a</size>
         <input_file_ref idref="fl-6"/>
      </object_component>
      <object_component id="oc-49">
         <name>.debug_info</name>
         <load_address>0x1080</load_address>
         <run_address>0x1080</run_address>
         <size>0x166</size>
         <input_file_ref idref="fl-5"/>
      </object_component>
      <object_component id="oc-4b">
         <name>.debug_info</name>
         <load_address>0x11e6</load_address>
         <run_address>0x11e6</run_address>
         <size>0x13d</size>
         <input_file_ref idref="fl-158"/>
      </object_component>
      <object_component id="oc-4f">
         <name>.debug_info</name>
         <load_address>0x1323</load_address>
         <run_address>0x1323</run_address>
         <size>0x11c</size>
         <input_file_ref idref="fl-157"/>
      </object_component>
      <object_component id="oc-54">
         <name>.debug_info</name>
         <load_address>0x143f</load_address>
         <run_address>0x143f</run_address>
         <size>0x1c2</size>
         <input_file_ref idref="fl-143"/>
      </object_component>
      <object_component id="oc-59">
         <name>.debug_info</name>
         <load_address>0x1601</load_address>
         <run_address>0x1601</run_address>
         <size>0xbe</size>
         <input_file_ref idref="fl-14e"/>
      </object_component>
      <object_component id="oc-5d">
         <name>.debug_info</name>
         <load_address>0x16bf</load_address>
         <run_address>0x16bf</run_address>
         <size>0xcc</size>
         <input_file_ref idref="fl-14b"/>
      </object_component>
      <object_component id="oc-60">
         <name>.debug_info</name>
         <load_address>0x178b</load_address>
         <run_address>0x178b</run_address>
         <size>0x46</size>
         <input_file_ref idref="fl-140"/>
      </object_component>
      <object_component id="oc-65">
         <name>.debug_info</name>
         <load_address>0x17d1</load_address>
         <run_address>0x17d1</run_address>
         <size>0xf2</size>
         <input_file_ref idref="fl-140"/>
      </object_component>
      <object_component id="oc-67">
         <name>.debug_info</name>
         <load_address>0x18c3</load_address>
         <run_address>0x18c3</run_address>
         <size>0x46</size>
         <input_file_ref idref="fl-142"/>
      </object_component>
      <object_component id="oc-6c">
         <name>.debug_info</name>
         <load_address>0x1909</load_address>
         <run_address>0x1909</run_address>
         <size>0xad</size>
         <input_file_ref idref="fl-142"/>
      </object_component>
      <object_component id="oc-6e">
         <name>.debug_info</name>
         <load_address>0x19b6</load_address>
         <run_address>0x19b6</run_address>
         <size>0x1ef</size>
         <input_file_ref idref="fl-141"/>
      </object_component>
      <object_component id="oc-73">
         <name>.debug_info</name>
         <load_address>0x1ba5</load_address>
         <run_address>0x1ba5</run_address>
         <size>0xb7</size>
         <input_file_ref idref="fl-141"/>
      </object_component>
      <object_component id="oc-74">
         <name>.debug_info</name>
         <load_address>0x1c5c</load_address>
         <run_address>0x1c5c</run_address>
         <size>0x39</size>
         <input_file_ref idref="fl-141"/>
      </object_component>
      <object_component id="oc-7e">
         <name>.debug_info</name>
         <load_address>0x1c95</load_address>
         <run_address>0x1c95</run_address>
         <size>0x207</size>
         <input_file_ref idref="fl-14"/>
      </object_component>
      <object_component id="oc-83">
         <name>.debug_info</name>
         <load_address>0x1e9c</load_address>
         <run_address>0x1e9c</run_address>
         <size>0x202</size>
         <input_file_ref idref="fl-11"/>
      </object_component>
      <object_component id="oc-89">
         <name>.debug_info</name>
         <load_address>0x209e</load_address>
         <run_address>0x209e</run_address>
         <size>0x84</size>
         <input_file_ref idref="fl-2"/>
      </object_component>
      <object_component id="oc-92">
         <name>.debug_info</name>
         <load_address>0x2122</load_address>
         <run_address>0x2122</run_address>
         <size>0x1f6</size>
         <input_file_ref idref="fl-f"/>
      </object_component>
      <object_component id="oc-94">
         <name>.debug_info</name>
         <load_address>0x2318</load_address>
         <run_address>0x2318</run_address>
         <size>0x1df</size>
         <input_file_ref idref="fl-14"/>
      </object_component>
      <object_component id="oc-99">
         <name>.debug_info</name>
         <load_address>0x24f7</load_address>
         <run_address>0x24f7</run_address>
         <size>0x300</size>
         <input_file_ref idref="fl-6"/>
      </object_component>
      <object_component id="oc-9b">
         <name>.debug_info</name>
         <load_address>0x27f7</load_address>
         <run_address>0x27f7</run_address>
         <size>0xc7</size>
         <input_file_ref idref="fl-6"/>
      </object_component>
      <object_component id="oc-9e">
         <name>.debug_info</name>
         <load_address>0x28be</load_address>
         <run_address>0x28be</run_address>
         <size>0x1aa</size>
         <input_file_ref idref="fl-a"/>
      </object_component>
      <object_component id="oc-a4">
         <name>.debug_info</name>
         <load_address>0x2a68</load_address>
         <run_address>0x2a68</run_address>
         <size>0x1af</size>
         <input_file_ref idref="fl-a"/>
      </object_component>
      <object_component id="oc-aa">
         <name>.debug_info</name>
         <load_address>0x2c17</load_address>
         <run_address>0x2c17</run_address>
         <size>0xdf</size>
         <input_file_ref idref="fl-149"/>
      </object_component>
      <object_component id="oc-ad">
         <name>.debug_info</name>
         <load_address>0x2cf6</load_address>
         <run_address>0x2cf6</run_address>
         <size>0xff</size>
         <input_file_ref idref="fl-144"/>
      </object_component>
      <object_component id="oc-b0">
         <name>.debug_info</name>
         <load_address>0x2df5</load_address>
         <run_address>0x2df5</run_address>
         <size>0xe8</size>
         <input_file_ref idref="fl-148"/>
      </object_component>
      <object_component id="oc-b6">
         <name>.debug_info</name>
         <load_address>0x2edd</load_address>
         <run_address>0x2edd</run_address>
         <size>0xed</size>
         <input_file_ref idref="fl-146"/>
      </object_component>
      <object_component id="oc-b9">
         <name>.debug_info</name>
         <load_address>0x2fca</load_address>
         <run_address>0x2fca</run_address>
         <size>0x1f5</size>
         <input_file_ref idref="fl-6"/>
      </object_component>
      <object_component id="oc-be">
         <name>.debug_info</name>
         <load_address>0x31bf</load_address>
         <run_address>0x31bf</run_address>
         <size>0x1fd</size>
         <input_file_ref idref="fl-6"/>
      </object_component>
      <object_component id="oc-c2">
         <name>.debug_info</name>
         <load_address>0x33bc</load_address>
         <run_address>0x33bc</run_address>
         <size>0x320</size>
         <input_file_ref idref="fl-6"/>
      </object_component>
      <object_component id="oc-c8">
         <name>.debug_info</name>
         <load_address>0x36dc</load_address>
         <run_address>0x36dc</run_address>
         <size>0x1d4</size>
         <input_file_ref idref="fl-6"/>
      </object_component>
      <object_component id="oc-ce">
         <name>.debug_info</name>
         <load_address>0x38b0</load_address>
         <run_address>0x38b0</run_address>
         <size>0x1ee</size>
         <input_file_ref idref="fl-f"/>
      </object_component>
      <object_component id="oc-d1">
         <name>.debug_info</name>
         <load_address>0x3a9e</load_address>
         <run_address>0x3a9e</run_address>
         <size>0x84d</size>
         <input_file_ref idref="fl-6"/>
      </object_component>
      <object_component id="oc-e2">
         <name>.debug_info</name>
         <load_address>0x42eb</load_address>
         <run_address>0x42eb</run_address>
         <size>0x14b</size>
         <input_file_ref idref="fl-159"/>
      </object_component>
      <object_component id="oc-e9">
         <name>.debug_info</name>
         <load_address>0x4436</load_address>
         <run_address>0x4436</run_address>
         <size>0x3cc</size>
         <input_file_ref idref="fl-6"/>
      </object_component>
      <object_component id="oc-ed">
         <name>.debug_info</name>
         <load_address>0x4802</load_address>
         <run_address>0x4802</run_address>
         <size>0x11b</size>
         <input_file_ref idref="fl-157"/>
      </object_component>
      <object_component id="oc-ef">
         <name>.debug_info</name>
         <load_address>0x491d</load_address>
         <run_address>0x491d</run_address>
         <size>0xc8</size>
         <input_file_ref idref="fl-156"/>
      </object_component>
      <object_component id="oc-f1">
         <name>.debug_info</name>
         <load_address>0x49e5</load_address>
         <run_address>0x49e5</run_address>
         <size>0xeb</size>
         <input_file_ref idref="fl-143"/>
      </object_component>
      <object_component id="oc-f3">
         <name>.debug_info</name>
         <load_address>0x4ad0</load_address>
         <run_address>0x4ad0</run_address>
         <size>0x146</size>
         <input_file_ref idref="fl-143"/>
      </object_component>
      <object_component id="oc-f7">
         <name>.debug_info</name>
         <load_address>0x4c16</load_address>
         <run_address>0x4c16</run_address>
         <size>0x2c</size>
         <input_file_ref idref="fl-140"/>
      </object_component>
      <object_component id="oc-fe">
         <name>.debug_info</name>
         <load_address>0x4c42</load_address>
         <run_address>0x4c42</run_address>
         <size>0x2c</size>
         <input_file_ref idref="fl-142"/>
      </object_component>
      <object_component id="oc-109">
         <name>.debug_info</name>
         <load_address>0x4c6e</load_address>
         <run_address>0x4c6e</run_address>
         <size>0x18b</size>
         <input_file_ref idref="fl-f"/>
      </object_component>
      <object_component id="oc-10e">
         <name>.debug_info</name>
         <load_address>0x4df9</load_address>
         <run_address>0x4df9</run_address>
         <size>0x1d7</size>
         <input_file_ref idref="fl-14"/>
      </object_component>
      <object_component id="oc-110">
         <name>.debug_info</name>
         <load_address>0x4fd0</load_address>
         <run_address>0x4fd0</run_address>
         <size>0xff</size>
         <input_file_ref idref="fl-11"/>
      </object_component>
      <object_component id="oc-113">
         <name>.debug_info</name>
         <load_address>0x50cf</load_address>
         <run_address>0x50cf</run_address>
         <size>0x1cf</size>
         <input_file_ref idref="fl-f"/>
      </object_component>
      <object_component id="oc-117">
         <name>.debug_info</name>
         <load_address>0x529e</load_address>
         <run_address>0x529e</run_address>
         <size>0x18b</size>
         <input_file_ref idref="fl-2"/>
      </object_component>
      <object_component id="oc-11f">
         <name>.debug_info</name>
         <load_address>0x5429</load_address>
         <run_address>0x5429</run_address>
         <size>0x253</size>
         <input_file_ref idref="fl-8"/>
      </object_component>
      <object_component id="oc-124">
         <name>.debug_info</name>
         <load_address>0x567c</load_address>
         <run_address>0x567c</run_address>
         <size>0x2ff</size>
         <input_file_ref idref="fl-a"/>
      </object_component>
      <object_component id="oc-126">
         <name>.debug_info</name>
         <load_address>0x597b</load_address>
         <run_address>0x597b</run_address>
         <size>0xcb</size>
         <input_file_ref idref="fl-a"/>
      </object_component>
      <object_component id="oc-130">
         <name>.debug_info</name>
         <load_address>0x5a46</load_address>
         <run_address>0x5a46</run_address>
         <size>0x237</size>
         <input_file_ref idref="fl-14d"/>
      </object_component>
      <object_component id="oc-134">
         <name>.debug_info</name>
         <load_address>0x5c7d</load_address>
         <run_address>0x5c7d</run_address>
         <size>0xed</size>
         <input_file_ref idref="fl-145"/>
      </object_component>
      <object_component id="oc-13a">
         <name>.debug_info</name>
         <load_address>0x5d6a</load_address>
         <run_address>0x5d6a</run_address>
         <size>0x537</size>
         <input_file_ref idref="fl-14c"/>
      </object_component>
      <object_component id="oc-140">
         <name>.debug_info</name>
         <load_address>0x62a1</load_address>
         <run_address>0x62a1</run_address>
         <size>0x14a</size>
         <input_file_ref idref="fl-3"/>
      </object_component>
      <object_component id="oc-146">
         <name>.debug_info</name>
         <load_address>0x63eb</load_address>
         <run_address>0x63eb</run_address>
         <size>0xc7</size>
         <input_file_ref idref="fl-6"/>
      </object_component>
      <object_component id="oc-14c">
         <name>.debug_info</name>
         <load_address>0x64b2</load_address>
         <run_address>0x64b2</run_address>
         <size>0x148</size>
         <input_file_ref idref="fl-159"/>
      </object_component>
      <object_component id="oc-14e">
         <name>.debug_info</name>
         <load_address>0x65fa</load_address>
         <run_address>0x65fa</run_address>
         <size>0x2d4</size>
         <input_file_ref idref="fl-11"/>
      </object_component>
      <object_component id="oc-153">
         <name>.debug_info</name>
         <load_address>0x68ce</load_address>
         <run_address>0x68ce</run_address>
         <size>0x1e1</size>
         <input_file_ref idref="fl-11"/>
      </object_component>
      <object_component id="oc-158">
         <name>.debug_info</name>
         <load_address>0x6aaf</load_address>
         <run_address>0x6aaf</run_address>
         <size>0x1eb</size>
         <input_file_ref idref="fl-14"/>
      </object_component>
      <object_component id="oc-160">
         <name>.debug_info</name>
         <load_address>0x6c9a</load_address>
         <run_address>0x6c9a</run_address>
         <size>0x1f0</size>
         <input_file_ref idref="fl-f"/>
      </object_component>
      <object_component id="oc-165">
         <name>.debug_info</name>
         <load_address>0x6e8a</load_address>
         <run_address>0x6e8a</run_address>
         <size>0x21e</size>
         <input_file_ref idref="fl-f"/>
      </object_component>
      <object_component id="oc-168">
         <name>.debug_info</name>
         <load_address>0x70a8</load_address>
         <run_address>0x70a8</run_address>
         <size>0x1cc</size>
         <input_file_ref idref="fl-12"/>
      </object_component>
      <object_component id="oc-16f">
         <name>.debug_info</name>
         <load_address>0x7274</load_address>
         <run_address>0x7274</run_address>
         <size>0x1f8</size>
         <input_file_ref idref="fl-f"/>
      </object_component>
      <object_component id="oc-171">
         <name>.debug_info</name>
         <load_address>0x746c</load_address>
         <run_address>0x746c</run_address>
         <size>0x1a2</size>
         <input_file_ref idref="fl-12"/>
      </object_component>
      <object_component id="oc-179">
         <name>.debug_info</name>
         <load_address>0x760e</load_address>
         <run_address>0x760e</run_address>
         <size>0x1e3</size>
         <input_file_ref idref="fl-f"/>
      </object_component>
      <object_component id="oc-17b">
         <name>.debug_info</name>
         <load_address>0x77f1</load_address>
         <run_address>0x77f1</run_address>
         <size>0x1e3</size>
         <input_file_ref idref="fl-14"/>
      </object_component>
      <object_component id="oc-180">
         <name>.debug_info</name>
         <load_address>0x79d4</load_address>
         <run_address>0x79d4</run_address>
         <size>0x1e4</size>
         <input_file_ref idref="fl-14"/>
      </object_component>
      <object_component id="oc-187">
         <name>.debug_info</name>
         <load_address>0x7bb8</load_address>
         <run_address>0x7bb8</run_address>
         <size>0x1e0</size>
         <input_file_ref idref="fl-3"/>
      </object_component>
      <object_component id="oc-18b">
         <name>.debug_info</name>
         <load_address>0x7d98</load_address>
         <run_address>0x7d98</run_address>
         <size>0x19e</size>
         <input_file_ref idref="fl-a"/>
      </object_component>
      <object_component id="oc-191">
         <name>.debug_info</name>
         <load_address>0x7f36</load_address>
         <run_address>0x7f36</run_address>
         <size>0x5e</size>
         <input_file_ref idref="fl-157"/>
      </object_component>
      <object_component id="oc-199">
         <name>.debug_info</name>
         <load_address>0x7f94</load_address>
         <run_address>0x7f94</run_address>
         <size>0x1d4</size>
         <input_file_ref idref="fl-156"/>
      </object_component>
      <object_component id="oc-19d">
         <name>.debug_info</name>
         <load_address>0x8168</load_address>
         <run_address>0x8168</run_address>
         <size>0xd9</size>
         <input_file_ref idref="fl-156"/>
      </object_component>
      <object_component id="oc-1a2">
         <name>.debug_info</name>
         <load_address>0x8241</load_address>
         <run_address>0x8241</run_address>
         <size>0x90</size>
         <input_file_ref idref="fl-f"/>
      </object_component>
      <object_component id="oc-1ab">
         <name>.debug_info</name>
         <load_address>0x82d1</load_address>
         <run_address>0x82d1</run_address>
         <size>0x226</size>
         <input_file_ref idref="fl-11"/>
      </object_component>
      <object_component id="oc-1b0">
         <name>.debug_info</name>
         <load_address>0x84f7</load_address>
         <run_address>0x84f7</run_address>
         <size>0x1b8</size>
         <input_file_ref idref="fl-13"/>
      </object_component>
      <object_component id="oc-1b4">
         <name>.debug_info</name>
         <load_address>0x86af</load_address>
         <run_address>0x86af</run_address>
         <size>0x1e2</size>
         <input_file_ref idref="fl-8"/>
      </object_component>
      <object_component id="oc-1b7">
         <name>.debug_info</name>
         <load_address>0x8891</load_address>
         <run_address>0x8891</run_address>
         <size>0x244</size>
         <input_file_ref idref="fl-2"/>
      </object_component>
      <object_component id="oc-1be">
         <name>.debug_info</name>
         <load_address>0x8ad5</load_address>
         <run_address>0x8ad5</run_address>
         <size>0x195</size>
         <input_file_ref idref="fl-2"/>
      </object_component>
      <object_component id="oc-1c6">
         <name>.debug_info</name>
         <load_address>0x8c6a</load_address>
         <run_address>0x8c6a</run_address>
         <size>0x147</size>
         <input_file_ref idref="fl-152"/>
      </object_component>
      <object_component id="oc-1c9">
         <name>.debug_info</name>
         <load_address>0x8db1</load_address>
         <run_address>0x8db1</run_address>
         <size>0x172</size>
         <input_file_ref idref="fl-151"/>
      </object_component>
      <object_component id="oc-1ce">
         <name>.debug_info</name>
         <load_address>0x8f23</load_address>
         <run_address>0x8f23</run_address>
         <size>0x127</size>
         <input_file_ref idref="fl-154"/>
      </object_component>
      <object_component id="oc-1d3">
         <name>.debug_info</name>
         <load_address>0x904a</load_address>
         <run_address>0x904a</run_address>
         <size>0x189</size>
         <input_file_ref idref="fl-155"/>
      </object_component>
      <object_component id="oc-1d9">
         <name>.debug_info</name>
         <load_address>0x91d3</load_address>
         <run_address>0x91d3</run_address>
         <size>0x176</size>
         <input_file_ref idref="fl-150"/>
      </object_component>
      <object_component id="oc-1dd">
         <name>.debug_info</name>
         <load_address>0x9349</load_address>
         <run_address>0x9349</run_address>
         <size>0xdb</size>
         <input_file_ref idref="fl-15b"/>
      </object_component>
      <object_component id="oc-1e1">
         <name>.debug_info</name>
         <load_address>0x9424</load_address>
         <run_address>0x9424</run_address>
         <size>0xdf</size>
         <input_file_ref idref="fl-14a"/>
      </object_component>
      <object_component id="oc-1e6">
         <name>.debug_info</name>
         <load_address>0x9503</load_address>
         <run_address>0x9503</run_address>
         <size>0xe1</size>
         <input_file_ref idref="fl-147"/>
      </object_component>
      <object_component id="oc-1e8">
         <name>.debug_info</name>
         <load_address>0x95e4</load_address>
         <run_address>0x95e4</run_address>
         <size>0xfa</size>
         <input_file_ref idref="fl-15d"/>
      </object_component>
      <object_component id="oc-1f0">
         <name>.debug_info</name>
         <load_address>0x96de</load_address>
         <run_address>0x96de</run_address>
         <size>0x395</size>
         <input_file_ref idref="fl-153"/>
      </object_component>
      <object_component id="oc-1f2">
         <name>.debug_info</name>
         <load_address>0x9a73</load_address>
         <run_address>0x9a73</run_address>
         <size>0x1a7</size>
         <input_file_ref idref="fl-14c"/>
      </object_component>
      <object_component id="oc-1f6">
         <name>.debug_info</name>
         <load_address>0x9c1a</load_address>
         <run_address>0x9c1a</run_address>
         <size>0x2af</size>
         <input_file_ref idref="fl-3"/>
      </object_component>
      <object_component id="oc-1f9">
         <name>.debug_info</name>
         <load_address>0x9ec9</load_address>
         <run_address>0x9ec9</run_address>
         <size>0xee</size>
         <input_file_ref idref="fl-3"/>
      </object_component>
      <object_component id="oc-1fa">
         <name>.debug_info</name>
         <load_address>0x9fb7</load_address>
         <run_address>0x9fb7</run_address>
         <size>0x4e</size>
         <input_file_ref idref="fl-2"/>
      </object_component>
      <object_component id="oc-201">
         <name>.debug_info</name>
         <load_address>0xa005</load_address>
         <run_address>0xa005</run_address>
         <size>0xcd</size>
         <input_file_ref idref="fl-159"/>
      </object_component>
      <object_component id="oc-209">
         <name>.debug_info</name>
         <load_address>0xa0d2</load_address>
         <run_address>0xa0d2</run_address>
         <size>0x312</size>
         <input_file_ref idref="fl-14"/>
      </object_component>
      <object_component id="oc-20e">
         <name>.debug_info</name>
         <load_address>0xa3e4</load_address>
         <run_address>0xa3e4</run_address>
         <size>0x217</size>
         <input_file_ref idref="fl-14"/>
      </object_component>
      <object_component id="oc-216">
         <name>.debug_info</name>
         <load_address>0xa5fb</load_address>
         <run_address>0xa5fb</run_address>
         <size>0x1c2</size>
         <input_file_ref idref="fl-12"/>
      </object_component>
      <object_component id="oc-218">
         <name>.debug_info</name>
         <load_address>0xa7bd</load_address>
         <run_address>0xa7bd</run_address>
         <size>0x1ba</size>
         <input_file_ref idref="fl-12"/>
      </object_component>
      <object_component id="oc-21b">
         <name>.debug_info</name>
         <load_address>0xa977</load_address>
         <run_address>0xa977</run_address>
         <size>0x176</size>
         <input_file_ref idref="fl-15"/>
      </object_component>
      <object_component id="oc-223">
         <name>.debug_info</name>
         <load_address>0xaaed</load_address>
         <run_address>0xaaed</run_address>
         <size>0x10d</size>
         <input_file_ref idref="fl-14"/>
      </object_component>
      <object_component id="oc-226">
         <name>.debug_info</name>
         <load_address>0xabfa</load_address>
         <run_address>0xabfa</run_address>
         <size>0x126</size>
         <input_file_ref idref="fl-3"/>
      </object_component>
      <object_component id="oc-228">
         <name>.debug_info</name>
         <load_address>0xad20</load_address>
         <run_address>0xad20</run_address>
         <size>0x1db</size>
         <input_file_ref idref="fl-3"/>
      </object_component>
      <object_component id="oc-229">
         <name>.debug_info</name>
         <load_address>0xaefb</load_address>
         <run_address>0xaefb</run_address>
         <size>0xd0</size>
         <input_file_ref idref="fl-3"/>
      </object_component>
      <object_component id="oc-22c">
         <name>.debug_info</name>
         <load_address>0xafcb</load_address>
         <run_address>0xafcb</run_address>
         <size>0x116</size>
         <input_file_ref idref="fl-a"/>
      </object_component>
      <object_component id="oc-232">
         <name>.debug_info</name>
         <load_address>0xb0e1</load_address>
         <run_address>0xb0e1</run_address>
         <size>0x13e</size>
         <input_file_ref idref="fl-a"/>
      </object_component>
      <object_component id="oc-239">
         <name>.debug_info</name>
         <load_address>0xb21f</load_address>
         <run_address>0xb21f</run_address>
         <size>0x1d3</size>
         <input_file_ref idref="fl-8"/>
      </object_component>
      <object_component id="oc-23b">
         <name>.debug_info</name>
         <load_address>0xb3f2</load_address>
         <run_address>0xb3f2</run_address>
         <size>0x171</size>
         <input_file_ref idref="fl-a"/>
      </object_component>
      <object_component id="oc-240">
         <name>.debug_info</name>
         <load_address>0xb563</load_address>
         <run_address>0xb563</run_address>
         <size>0x167</size>
         <input_file_ref idref="fl-a"/>
      </object_component>
      <object_component id="oc-245">
         <name>.debug_info</name>
         <load_address>0xb6ca</load_address>
         <run_address>0xb6ca</run_address>
         <size>0x18d</size>
         <input_file_ref idref="fl-a"/>
      </object_component>
      <object_component id="oc-24f">
         <name>.debug_info</name>
         <load_address>0xb857</load_address>
         <run_address>0xb857</run_address>
         <size>0x5f</size>
         <input_file_ref idref="fl-11"/>
      </object_component>
      <object_component id="oc-255">
         <name>.debug_info</name>
         <load_address>0xb8b6</load_address>
         <run_address>0xb8b6</run_address>
         <size>0x1d8</size>
         <input_file_ref idref="fl-13"/>
      </object_component>
      <object_component id="oc-258">
         <name>.debug_info</name>
         <load_address>0xba8e</load_address>
         <run_address>0xba8e</run_address>
         <size>0x1a7</size>
         <input_file_ref idref="fl-2"/>
      </object_component>
      <object_component id="oc-25a">
         <name>.debug_info</name>
         <load_address>0xbc35</load_address>
         <run_address>0xbc35</run_address>
         <size>0x121</size>
         <input_file_ref idref="fl-160"/>
      </object_component>
      <object_component id="oc-25f">
         <name>.debug_info</name>
         <load_address>0xbd56</load_address>
         <run_address>0xbd56</run_address>
         <size>0xcf</size>
         <input_file_ref idref="fl-152"/>
      </object_component>
      <object_component id="oc-261">
         <name>.debug_info</name>
         <load_address>0xbe25</load_address>
         <run_address>0xbe25</run_address>
         <size>0xe5</size>
         <input_file_ref idref="fl-151"/>
      </object_component>
      <object_component id="oc-264">
         <name>.debug_info</name>
         <load_address>0xbf0a</load_address>
         <run_address>0xbf0a</run_address>
         <size>0x143</size>
         <input_file_ref idref="fl-15c"/>
      </object_component>
      <object_component id="oc-268">
         <name>.debug_info</name>
         <load_address>0xc04d</load_address>
         <run_address>0xc04d</run_address>
         <size>0xaa</size>
         <input_file_ref idref="fl-15a"/>
      </object_component>
      <object_component id="oc-26c">
         <name>.debug_info</name>
         <load_address>0xc0f7</load_address>
         <run_address>0xc0f7</run_address>
         <size>0x86</size>
         <input_file_ref idref="fl-2"/>
      </object_component>
      <object_component id="oc-273">
         <name>.debug_info</name>
         <load_address>0xc17d</load_address>
         <run_address>0xc17d</run_address>
         <size>0x10f</size>
         <input_file_ref idref="fl-150"/>
      </object_component>
      <object_component id="oc-279">
         <name>.debug_info</name>
         <load_address>0xc28c</load_address>
         <run_address>0xc28c</run_address>
         <size>0x496</size>
         <input_file_ref idref="fl-161"/>
      </object_component>
      <object_component id="oc-27d">
         <name>.debug_info</name>
         <load_address>0xc722</load_address>
         <run_address>0xc722</run_address>
         <size>0xb4</size>
         <input_file_ref idref="fl-15d"/>
      </object_component>
      <object_component id="oc-27f">
         <name>.debug_info</name>
         <load_address>0xc7d6</load_address>
         <run_address>0xc7d6</run_address>
         <size>0x111</size>
         <input_file_ref idref="fl-153"/>
      </object_component>
      <object_component id="oc-281">
         <name>.debug_info</name>
         <load_address>0xc8e7</load_address>
         <run_address>0xc8e7</run_address>
         <size>0x147</size>
         <input_file_ref idref="fl-153"/>
      </object_component>
      <object_component id="oc-287">
         <name>.debug_info</name>
         <load_address>0xca2e</load_address>
         <run_address>0xca2e</run_address>
         <size>0x17d</size>
         <input_file_ref idref="fl-3"/>
      </object_component>
      <object_component id="oc-28a">
         <name>.debug_info</name>
         <load_address>0xcbab</load_address>
         <run_address>0xcbab</run_address>
         <size>0x137</size>
         <input_file_ref idref="fl-14f"/>
      </object_component>
      <object_component id="oc-2a3">
         <name>.debug_info</name>
         <load_address>0xcce2</load_address>
         <run_address>0xcce2</run_address>
         <size>0x1c5</size>
         <input_file_ref idref="fl-8"/>
      </object_component>
      <object_component id="oc-2aa">
         <name>.debug_info</name>
         <load_address>0xcea7</load_address>
         <run_address>0xcea7</run_address>
         <size>0x1cf</size>
         <input_file_ref idref="fl-a"/>
      </object_component>
      <object_component id="oc-2b5">
         <name>.debug_info</name>
         <load_address>0xd076</load_address>
         <run_address>0xd076</run_address>
         <size>0x9a</size>
         <input_file_ref idref="fl-160"/>
      </object_component>
      <object_component id="oc-2bd">
         <name>.debug_info</name>
         <load_address>0xd110</load_address>
         <run_address>0xd110</run_address>
         <size>0x128</size>
         <input_file_ref idref="fl-15e"/>
      </object_component>
      <object_component id="oc-2c0">
         <name>.debug_info</name>
         <load_address>0xd238</load_address>
         <run_address>0xd238</run_address>
         <size>0xe2</size>
         <input_file_ref idref="fl-15c"/>
      </object_component>
      <object_component id="oc-2c7">
         <name>.debug_info</name>
         <load_address>0xd31a</load_address>
         <run_address>0xd31a</run_address>
         <size>0x179</size>
         <input_file_ref idref="fl-162"/>
      </object_component>
      <object_component id="oc-2c9">
         <name>.debug_info</name>
         <load_address>0xd493</load_address>
         <run_address>0xd493</run_address>
         <size>0x9f</size>
         <input_file_ref idref="fl-161"/>
      </object_component>
      <object_component id="oc-2cb">
         <name>.debug_info</name>
         <load_address>0xd532</load_address>
         <run_address>0xd532</run_address>
         <size>0x138</size>
         <input_file_ref idref="fl-161"/>
      </object_component>
      <object_component id="oc-2d9">
         <name>.debug_info</name>
         <load_address>0xd66a</load_address>
         <run_address>0xd66a</run_address>
         <size>0x13e</size>
         <input_file_ref idref="fl-15f"/>
      </object_component>
      <object_component id="oc-2de">
         <name>.debug_info</name>
         <load_address>0xd7a8</load_address>
         <run_address>0xd7a8</run_address>
         <size>0xd1</size>
         <input_file_ref idref="fl-15e"/>
      </object_component>
      <object_component id="oc-2e1">
         <name>.debug_info</name>
         <load_address>0xd879</load_address>
         <run_address>0xd879</run_address>
         <size>0x6f</size>
         <input_file_ref idref="fl-15c"/>
      </object_component>
      <object_component id="oc-2e6">
         <name>.debug_info</name>
         <load_address>0xd8e8</load_address>
         <run_address>0xd8e8</run_address>
         <size>0x112</size>
         <input_file_ref idref="fl-15c"/>
      </object_component>
      <object_component id="oc-2ee">
         <name>.debug_info</name>
         <load_address>0xd9fa</load_address>
         <run_address>0xd9fa</run_address>
         <size>0xaf</size>
         <input_file_ref idref="fl-15f"/>
      </object_component>
      <object_component id="oc-2f0">
         <name>.debug_info</name>
         <load_address>0xdaa9</load_address>
         <run_address>0xdaa9</run_address>
         <size>0xf1</size>
         <input_file_ref idref="fl-15f"/>
      </object_component>
      <object_component id="oc-2f3">
         <name>.debug_info</name>
[...]
         <value>0x20005828</value>
         <object_component_ref idref="oc-98"/>
      </symbol>
      <symbol id="sm-1a3">
         <name>MODE</name>
         <value>0x200057f4</value>
         <object_component_ref idref="oc-98"/>
      </symbol>
      <symbol id="sm-1a4">
         <name>Line1_X1</name>
         <value>0x2000581c</value>
         <object_component_ref idref="oc-98"/>
      </symbol>
      <symbol id="sm-1a5">
         <name>Line1_X2</name>
         <value>0x20005824</value>
         <object_component_ref idref="oc-98"/>
      </symbol>
      <symbol id="sm-1a6">
         <name>BALL_SIZE</name>
         <value>0x200057ec</value>
         <object_component_ref idref="oc-98"/>
      </symbol>
      <symbol id="sm-1a7">
         <name>COMPUATION_TIME</name>
         <value>0x200057f0</value>
         <object_component_ref idref="oc-98"/>
      </symbol>
      <symbol id="sm-1a8">
         <name>t</name>
         <value>0x200057e8</value>
         <object_component_ref idref="oc-98"/>
      </symbol>
      <symbol id="sm-1a9">
         <name>NO_OF_BALLS</name>
         <value>0x2000583c</value>
         <object_component_ref idref="oc-98"/>
      </symbol>
      <symbol id="sm-1aa">
         <name>output</name>
         <value>0x20005810</value>
         <object_component_ref idref="oc-98"/>
      </symbol>
      <symbol id="sm-1ab">
         <name>UARTIntHandler</name>
         <value>0x2519</value>
         <object_component_ref idref="oc-38"/>
      </symbol>
      <symbol id="sm-1ac">
         <name>main</name>
         <value>0x11ed</value>
         <object_component_ref idref="oc-e7"/>
      </symbol>
      <symbol id="sm-1ad">
         <name>Init_pos_x</name>
         <value>0x20005814</value>
         <object_component_ref idref="oc-98"/>
      </symbol>
      <symbol id="sm-1ae">
         <name>Init_pos_y</name>
         <value>0x20005818</value>
         <object_component_ref idref="oc-98"/>
      </symbol>
      <symbol id="sm-1af">
         <name>collision_detected</name>
         <value>0x1579</value>
         <object_component_ref idref="oc-c1"/>
      </symbol>
      <symbol id="sm-1b0">
         <name>ball1</name>
         <value>0x20000000</value>
         <object_component_ref idref="oc-9a"/>
      </symbol>
      <symbol id="sm-1b1">
         <name>Timer0IntHandler</name>
         <value>0x2409</value>
         <object_component_ref idref="oc-3d"/>
      </symbol>
      <symbol id="sm-1b2">
         <name>Timer1IntHandler</name>
         <value>0x715</value>
         <object_component_ref idref="oc-42"/>
      </symbol>
      <symbol id="sm-1b3">
         <name>uarttogui</name>
         <value>0x29b1</value>
         <object_component_ref idref="oc-c6"/>
      </symbol>
      <symbol id="sm-1b4">
         <name>Line2_Y1</name>
         <value>0x20005830</value>
         <object_component_ref idref="oc-98"/>
      </symbol>
      <symbol id="sm-1b5">
         <name>Line2_Y2</name>
         <value>0x20005838</value>
         <object_component_ref idref="oc-98"/>
      </symbol>
      <symbol id="sm-1b6">
         <name>Line2_X1</name>
         <value>0x2000582c</value>
         <object_component_ref idref="oc-98"/>
      </symbol>
      <symbol id="sm-1b7">
         <name>Line2_X2</name>
         <value>0x20005834</value>
         <object_component_ref idref="oc-98"/>
      </symbol>
      <symbol id="sm-1b8">
         <name>compute_distance_1</name>
         <value>0x25fd</value>
         <object_component_ref idref="oc-b7"/>
      </symbol>
      <symbol id="sm-1ed">
         <name>i2c_RcvByte</name>
         <value>0x2231</value>
         <object_component_ref idref="oc-2a1"/>
      </symbol>
      <symbol id="sm-1ee">
         <name>i2c_XmtByte</name>
         <value>0x1f39</value>
         <object_component_ref idref="oc-235"/>
      </symbol>
      <symbol id="sm-1ef">
         <name>i2c_RcvBuf</name>
         <value>0x1d99</value>
         <object_component_ref idref="oc-11e"/>
      </symbol>
      <symbol id="sm-23f">
         <name>adxl345_BypassFifo</name>
         <value>0x2d6d</value>
         <object_component_ref idref="oc-230"/>
      </symbol>
      <symbol id="sm-240">
         <name>adxl345_SetAxisOffset</name>
         <value>0x2d2d</value>
         <object_component_ref idref="oc-244"/>
      </symbol>
      <symbol id="sm-241">
         <name>adxl345_SetFullResBit</name>
         <value>0x2e61</value>
         <object_component_ref idref="oc-23f"/>
      </symbol>
      <symbol id="sm-242">
         <name>adxl345_ReadXYZRawData</name>
         <value>0x29f7</value>
         <object_component_ref idref="oc-9d"/>
      </symbol>
      <symbol id="sm-243">
         <name>gADXL345</name>
         <value>0x200036b0</value>
         <object_component_ref idref="oc-125"/>
      </symbol>
      <symbol id="sm-244">
         <name>adxl345_SetRegisterBit</name>
         <value>0x2c4d</value>
         <object_component_ref idref="oc-2a9"/>
      </symbol>
      <symbol id="sm-245">
         <name>adxl345_PowerOn</name>
         <value>0x2e57</value>
         <object_component_ref idref="oc-22b"/>
      </symbol>
      <symbol id="sm-246">
         <name>adxl345_GetCorrectedData</name>
         <value>0x2591</value>
         <object_component_ref idref="oc-a2"/>
      </symbol>
      <symbol id="sm-247">
         <name>adxl345_Config</name>
         <value>0x2cd7</value>
         <object_component_ref idref="oc-189"/>
      </symbol>
      <symbol id="sm-248">
         <name>adxl345_SetRangeSetting</name>
         <value>0x2bb5</value>
         <object_component_ref idref="oc-23a"/>
      </symbol>
      <symbol id="sm-287">
         <name>TimerLoadSet</name>
         <value>0x2df7</value>
         <object_component_ref idref="oc-161"/>
      </symbol>
      <symbol id="sm-288">
         <name>TimerEnable</name>
         <value>0x2e1b</value>
         <object_component_ref idref="oc-175"/>
      </symbol>
      <symbol id="sm-289">
         <name>TimerValueGet</name>
         <value>0x2e4d</value>
         <object_component_ref idref="oc-cb"/>
      </symbol>
      <symbol id="sm-28a">
         <name>TimerIntEnable</name>
         <value>0x2e6b</value>
         <object_component_ref idref="oc-16b"/>
      </symbol>
      <symbol id="sm-28b">
         <name>TimerConfigure</name>
         <value>0x27e9</value>
         <object_component_ref idref="oc-15c"/>
      </symbol>
      <symbol id="sm-28c">
         <name>TimerIntClear</name>
         <value>0x2e95</value>
         <object_component_ref idref="oc-8e"/>
      </symbol>
      <symbol id="sm-2d9">
         <name>SysCtlClockSet</name>
         <value>0x1b99</value>
         <object_component_ref idref="oc-14d"/>
      </symbol>
      <symbol id="sm-2da">
         <name>SysCtlDelay</name>
         <value>0x2e85</value>
         <object_component_ref idref="oc-87"/>
      </symbol>
      <symbol id="sm-2db">
         <name>SysCtlPeripheralEnable</name>
         <value>0x2b81</value>
         <object_component_ref idref="oc-152"/>
      </symbol>
      <symbol id="sm-2dc">
         <name>SysCtlClockGet</name>
         <value>0x1e71</value>
         <object_component_ref idref="oc-82"/>
      </symbol>
      <symbol id="sm-307">
         <name>IntEnable</name>
         <value>0x26c9</value>
         <object_component_ref idref="oc-166"/>
      </symbol>
      <symbol id="sm-308">
         <name>IntMasterEnable</name>
         <value>0x2e43</value>
         <object_component_ref idref="oc-170"/>
      </symbol>
      <symbol id="sm-314">
         <name>I2CMasterDataGet</name>
         <value>0x2e91</value>
         <object_component_ref idref="oc-1ae"/>
      </symbol>
      <symbol id="sm-35c">
         <name>GPIOPinConfigure</name>
         <value>0x2891</value>
         <object_component_ref idref="oc-17f"/>
      </symbol>
      <symbol id="sm-35d">
         <name>GPIOPinTypeI2CSCL</name>
         <value>0x2de5</value>
         <object_component_ref idref="oc-17a"/>
      </symbol>
      <symbol id="sm-35e">
         <name>GPIOPinTypeGPIOOutput</name>
         <value>0x2da1</value>
         <object_component_ref idref="oc-157"/>
      </symbol>
      <symbol id="sm-35f">
         <name>GPIOPinRead</name>
         <value>0x2e73</value>
         <object_component_ref idref="oc-93"/>
      </symbol>
      <symbol id="sm-360">
         <name>GPIODirModeSet</name>
         <value>0x2d03</value>
         <object_component_ref idref="oc-20d"/>
      </symbol>
      <symbol id="sm-361">
         <name>GPIOPinWrite</name>
         <value>0x2e79</value>
         <object_component_ref idref="oc-7d"/>
      </symbol>
      <symbol id="sm-362">
         <name>GPIOPadConfigSet</name>
         <value>0x1957</value>
         <object_component_ref idref="oc-208"/>
      </symbol>
      <symbol id="sm-36b">
         <name>CPUcpsie</name>
         <value>0x2e37</value>
         <object_component_ref idref="oc-21a"/>
      </symbol>
      <symbol id="sm-37a">
         <name>_c_int00</name>
         <value>0x2921</value>
         <object_component_ref idref="oc-10"/>
      </symbol>
      <symbol id="sm-37b">
         <name>__stack</name>
         <value>0x2000370c</value>
         <object_component_ref idref="oc-23"/>
      </symbol>
      <symbol id="sm-391">
         <name>__TI_decompress_none</name>
         <value>0x2e29</value>
         <object_component_ref idref="oc-14"/>
      </symbol>
      <symbol id="sm-3b3">
         <name>__TI_decompress_rle24</name>
         <value>0x2e8b</value>
         <object_component_ref idref="oc-1e"/>
      </symbol>
      <symbol id="sm-3cb">
         <name>__TI_zero_init</name>
         <value>0x2e09</value>
         <object_component_ref idref="oc-19"/>
      </symbol>
      <symbol id="sm-3e7">
         <name>C$$EXIT</name>
         <value>0x2a81</value>
         <object_component_ref idref="oc-53"/>
      </symbol>
      <symbol id="sm-3e8">
         <name>abort</name>
         <value>0x2a85</value>
         <object_component_ref idref="oc-53"/>
      </symbol>
      <symbol id="sm-3e9">
         <name>exit</name>
         <value>0x2a8d</value>
         <object_component_ref idref="oc-53"/>
      </symbol>
      <symbol id="sm-3ea">
         <name>__TI_dtors_ptr</name>
         <value>0x2000584c</value>
         <object_component_ref idref="oc-f0"/>
      </symbol>
      <symbol id="sm-3eb">
         <name>__TI_cleanup_ptr</name>
         <value>0x20005848</value>
         <object_component_ref idref="oc-f0"/>
      </symbol>
      <symbol id="sm-401">
         <name>__aeabi_dsub</name>
         <value>0x13c1</value>
         <object_component_ref idref="oc-ab"/>
      </symbol>
      <symbol id="sm-402">
         <name>__aeabi_dadd</name>
         <value>0x13cb</value>
         <object_component_ref idref="oc-ab"/>
      </symbol>
      <symbol id="sm-415">
         <name>__aeabi_ddiv</name>
         <value>0x1821</value>
         <object_component_ref idref="oc-131"/>
      </symbol>
      <symbol id="sm-41f">
         <name>__aeabi_dmul</name>
         <value>0x1c9d</value>
         <object_component_ref idref="oc-b3"/>
      </symbol>
      <symbol id="sm-428">
         <name>__aeabi_d2iz</name>
         <value>0x2969</value>
         <object_component_ref idref="oc-1e3"/>
      </symbol>
      <symbol id="sm-431">
         <name>__aeabi_d2f</name>
         <value>0x2845</value>
         <object_component_ref idref="oc-af"/>
      </symbol>
      <symbol id="sm-43b">
         <name>__aeabi_f2d</name>
         <value>0x2b49</value>
         <object_component_ref idref="oc-a7"/>
      </symbol>
      <symbol id="sm-444">
         <name>__aeabi_i2d</name>
         <value>0x2c7b</value>
         <object_component_ref idref="oc-1df"/>
      </symbol>
      <symbol id="sm-45e">
         <name>memcpy</name>
         <value>0x22d9</value>
         <object_component_ref idref="oc-5b"/>
      </symbol>
      <symbol id="sm-45f">
         <name>__aeabi_memcpy</name>
         <value>0x22d9</value>
         <object_component_ref idref="oc-5b"/>
      </symbol>
      <symbol id="sm-460">
         <name>__aeabi_memcpy8</name>
         <value>0x22d9</value>
         <object_component_ref idref="oc-5b"/>
      </symbol>
      <symbol id="sm-461">
         <name>__aeabi_memcpy4</name>
         <value>0x22d9</value>
         <object_component_ref idref="oc-5b"/>
      </symbol>
      <symbol id="sm-4b2">
         <name>pow</name>
         <value>0x26d</value>
         <object_component_ref idref="oc-136"/>
      </symbol>
      <symbol id="sm-4c8">
         <name>sqrt</name>
         <value>0x16d9</value>
         <object_component_ref idref="oc-12c"/>
      </symbol>
      <symbol id="sm-4cf">
         <name>main_func_sp</name>
         <value>0x20005864</value>
         <object_component_ref idref="oc-58"/>
      </symbol>
      <symbol id="sm-4de">
         <name>__aeabi_uidivmod</name>
         <value>0x2ac5</value>
         <object_component_ref idref="oc-289"/>
      </symbol>
      <symbol id="sm-4f9">
         <name>_Dint</name>
         <value>0x2001</value>
         <object_component_ref idref="oc-1d6"/>
      </symbol>
      <symbol id="sm-513">
         <name>_Dscale</name>
         <value>0x1a89</value>
         <object_component_ref idref="oc-1c8"/>
      </symbol>
      <symbol id="sm-526">
         <name>_Dunscale</name>
         <value>0x2665</value>
         <object_component_ref idref="oc-1c3"/>
      </symbol>
      <symbol id="sm-555">
         <name>_Exp</name>
         <value>0xe05</value>
         <object_component_ref idref="oc-1ec"/>
      </symbol>
      <symbol id="sm-563">
         <name>_Feraise</name>
         <value>0x2c1d</value>
         <object_component_ref idref="oc-1cd"/>
      </symbol>
      <symbol id="sm-572">
         <name>_Rteps</name>
         <value>0x20005760</value>
         <object_component_ref idref="oc-1d2"/>
      </symbol>
      <symbol id="sm-573">
         <name>_Zero</name>
         <value>0x20005778</value>
         <object_component_ref idref="oc-1d2"/>
      </symbol>
      <symbol id="sm-574">
         <name>_Hugeval</name>
         <value>0x20005720</value>
         <object_component_ref idref="oc-1d2"/>
      </symbol>
      <symbol id="sm-575">
         <name>_Snan</name>
         <value>0x20005750</value>
         <object_component_ref idref="oc-1d2"/>
      </symbol>
      <symbol id="sm-576">
         <name>_Nan</name>
         <value>0x20005740</value>
         <object_component_ref idref="oc-1d2"/>
      </symbol>
      <symbol id="sm-577">
         <name>_Inf</name>
         <value>0x20005730</value>
         <object_component_ref idref="oc-1d2"/>
      </symbol>
      <symbol id="sm-578">
         <name>_Xbig</name>
         <value>0x20005770</value>
         <object_component_ref idref="oc-1d2"/>
      </symbol>
      <symbol id="sm-579">
         <name>_Eps</name>
         <value>0x20005710</value>
         <object_component_ref idref="oc-1d2"/>
      </symbol>
      <symbol id="sm-57a">
         <name>_Denorm</name>
         <value>0x20005700</value>
         <object_component_ref idref="oc-1d2"/>
      </symbol>
      <symbol id="sm-590">
         <name>_nop</name>
         <value>0x2ddf</value>
         <object_component_ref idref="oc-196"/>
      </symbol>
      <symbol id="sm-591">
         <name>_lock</name>
         <value>0x20005840</value>
         <object_component_ref idref="oc-ee"/>
      </symbol>
      <symbol id="sm-592">
         <name>_unlock</name>
         <value>0x20005844</value>
         <object_component_ref idref="oc-ee"/>
      </symbol>
      <symbol id="sm-593">
         <name>_register_lock</name>
         <value>0x2dd7</value>
         <object_component_ref idref="oc-196"/>
      </symbol>
      <symbol id="sm-594">
         <name>_register_unlock</name>
         <value>0x2dd1</value>
         <object_component_ref idref="oc-196"/>
      </symbol>
      <symbol id="sm-5a7">
         <name>_args_main</name>
         <value>0x2db9</value>
         <object_component_ref idref="oc-4e"/>
      </symbol>
      <symbol id="sm-5c3">
         <name>__TI_auto_init</name>
         <value>0x2375</value>
         <object_component_ref idref="oc-4a"/>
      </symbol>
      <symbol id="sm-5db">
         <name>copy_in</name>
         <value>0x2a3d</value>
         <object_component_ref idref="oc-e1"/>
      </symbol>
      <symbol id="sm-5e2">
         <name>_Errno</name>
         <value>0x20005860</value>
         <object_component_ref idref="oc-267"/>
      </symbol>
      <symbol id="sm-5f3">
         <name>__aeabi_cdcmpeq</name>
         <value>0x2499</value>
         <object_component_ref idref="oc-1db"/>
      </symbol>
      <symbol id="sm-5f4">
         <name>__aeabi_cdcmple</name>
         <value>0x2499</value>
         <object_component_ref idref="oc-1db"/>
      </symbol>
      <symbol id="sm-60f">
         <name>feraiseexcept</name>
         <value>0x2be9</value>
         <object_component_ref idref="oc-262"/>
      </symbol>
      <symbol id="sm-610">
         <name>_Tls_setup__Fenv</name>
         <value>0x20005854</value>
         <object_component_ref idref="oc-2bf"/>
      </symbol>
      <symbol id="sm-611">
         <name>_Fenv</name>
         <value>0x20005850</value>
         <object_component_ref idref="oc-2bf"/>
      </symbol>
      <symbol id="sm-61d">
         <name>log</name>
         <value>0x2d87</value>
         <object_component_ref idref="oc-1e7"/>
      </symbol>
      <symbol id="sm-630">
         <name>raise</name>
         <value>0x2ca9</value>
         <object_component_ref idref="oc-2ba"/>
      </symbol>
      <symbol id="sm-648">
         <name>signal</name>
         <value>0x2b09</value>
         <object_component_ref idref="oc-2d8"/>
      </symbol>
      <symbol id="sm-65c">
         <name>_Dnorm</name>
         <value>0x20c5</value>
         <object_component_ref idref="oc-259"/>
      </symbol>
      <symbol id="sm-68a">
         <name>_Log</name>
         <value>0xb19</value>
         <object_component_ref idref="oc-277"/>
      </symbol>
      <symbol id="sm-698">
         <name>_FZero</name>
         <value>0x200057e4</value>
         <object_component_ref idref="oc-2c6"/>
      </symbol>
      <symbol id="sm-699">
         <name>_FRteps</name>
         <value>0x200057d0</value>
         <object_component_ref idref="oc-2c6"/>
      </symbol>
      <symbol id="sm-69a">
         <name>_FSnan</name>
         <value>0x200057c0</value>
         <object_component_ref idref="oc-2c6"/>
      </symbol>
      <symbol id="sm-69b">
         <name>_FNan</name>
         <value>0x200057b0</value>
         <object_component_ref idref="oc-2c6"/>
      </symbol>
      <symbol id="sm-69c">
         <name>_FInf</name>
         <value>0x200057a0</value>
         <object_component_ref idref="oc-2c6"/>
      </symbol>
      <symbol id="sm-69d">
         <name>_FEps</name>
         <value>0x20005790</value>
         <object_component_ref idref="oc-2c6"/>
      </symbol>
      <symbol id="sm-69e">
         <name>_FXbig</name>
         <value>0x200057e0</value>
         <object_component_ref idref="oc-2c6"/>
      </symbol>
      <symbol id="sm-69f">
         <name>_FDenorm</name>
         <value>0x20005780</value>
         <object_component_ref idref="oc-2c6"/>
      </symbol>
      <symbol id="sm-6a0">
         <name>__TI_static_base__</name>
         <value>0x0</value>
      </symbol>
      <symbol id="sm-6a1">
         <name>__TI_args_main</name>
         <value>0x1</value>
      </symbol>
      <symbol id="sm-6a2">
         <name>SHT$$INIT_ARRAY$$Limit</name>
         <value>0x0</value>
      </symbol>
      <symbol id="sm-6a3">
         <name>SHT$$INIT_ARRAY$$Base</name>
         <value>0x0</value>
      </symbol>
      <symbol id="sm-6a7">
         <name>imu_Init</name>
         <value>0x2cd7</value>
      </symbol>
   </symbol_table>
   <title>Link successful</title>
</link_info>
