******************************************************************************
                  TI ARM Linker PC v5.1.1                      
******************************************************************************
>> Linked Mon May 04 16:55:53 2015

OUTPUT FILE NAME:   <uart_echo.out>
ENTRY POINT SYMBOL: "_c_int00"  address: 00002921


MEMORY CONFIGURATION

         name            origin    length      used     unused   attr    fill
----------------------  --------  ---------  --------  --------  ----  --------
  FLASH                 00000000   00040000  000031be  0003ce42  R  X
  SRAM                  20000000   00008000  00005862  0000279e  RW X


SEGMENT ALLOCATION MAP

run origin  load origin   length   init length attrs members
----------  ----------- ---------- ----------- ----- -------
00000000    00000000    000031c0   000031c0    r-x
  00000000    00000000    0000026c   0000026c    r-- .intvecs
  0000026c    0000026c    00002c2c   00002c2c    r-x .text
  00002e98    00002e98    0000024e   0000024e    r-- .const
  000030e8    000030e8    000000d8   000000d8    r-- .cinit
20000000    20000000    00005868   00000000    rw-
  20000000    20000000    0000370a   00000000    rw- .bss
  2000370c    2000370c    00001f40   00000000    rw- .stack
  20005650    20005650    00000218   00000000    rw- .data


SECTION ALLOCATION MAP

 output                                  attributes/
section   page    origin      length       input sections
--------  ----  ----------  ----------   ----------------
.intvecs   0    00000000    0000026c     
                  00000000    0000026c     startup_ccs.obj (.intvecs)

.init_array 
*          0    00000000    00000000     UNINITIALIZED

.text      0    0000026c    00002c2c     
                  0000026c    000004a8     rtsv7M4_T_le_v4SPD16_eabi.lib : pow.obj (.text)
                  00000714    00000404     something.obj (.text:Timer1IntHandler)
                  00000b18    000002ec     rtsv7M4_T_le_v4SPD16_eabi.lib : xlog.obj (.text)
                  00000e04    000001fc                                   : xexp.obj (.text)
                  00001000    000001ea     uartstdio.obj (.text:UARTvprintf)
                  000011ea    00000002     startup_ccs.obj (.text:FaultISR)
                  000011ec    000001d4     something.obj (.text:main)
                  000013c0    000001b6     rtsv7M4_T_le_v4SPD16_eabi.lib : fd_add_t2.obj (.text)
                  00001576    00000002     startup_ccs.obj (.text:IntDefaultHandler)
                  00001578    00000160     something.obj (.text:collision_detected)
                  000016d8    00000148     rtsv7M4_T_le_v4SPD16_eabi.lib : sqrt.obj (.text)
                  00001820    00000136                                   : fd_div_t2.obj (.text)
                  00001956    00000130     driverlib.lib : gpio.obj (.text:GPIOPadConfigSet)
                  00001a86    00000002     startup_ccs.obj (.text:NmiSR)
                  00001a88    00000110     rtsv7M4_T_le_v4SPD16_eabi.lib : xdscale.obj (.text)
                  00001b98    00000104     driverlib.lib : sysctl.obj (.text:SysCtlClockSet)
                  00001c9c    000000fc     rtsv7M4_T_le_v4SPD16_eabi.lib : fd_mul_t2.obj (.text)
                  00001d98    000000d8     i2c_IMU.obj (.text:i2c_RcvBuf)
                  00001e70    000000c8     driverlib.lib : sysctl.obj (.text:SysCtlClockGet)
                  00001f38    000000c8     i2c_IMU.obj (.text:i2c_XmtByte)
                  00002000    000000c4     rtsv7M4_T_le_v4SPD16_eabi.lib : xdint.obj (.text)
                  000020c4    000000c4                                   : xdnorm.obj (.text)
                  00002188    000000a8     something.obj (.text:compute_distance_2)
                  00002230    000000a8     i2c_IMU.obj (.text:i2c_RcvByte)
                  000022d8    0000009c     rtsv7M4_T_le_v4SPD16_eabi.lib : memcpy_t2.obj (.text)
                  00002374    00000094                                   : auto_init.obj (.text)
                  00002408    00000090     something.obj (.text:Timer0IntHandler)
                  00002498    0000007e     rtsv7M4_T_le_v4SPD16_eabi.lib : fd_cmp_t2.obj (.text:__aeabi_cdcmple)
                  00002516    00000002     --HOLE-- [fill = 0]
                  00002518    00000078     something.obj (.text:UARTIntHandler)
                  00002590    0000006c     adxl345.obj (.text:adxl345_GetCorrectedData)
                  000025fc    00000068     something.obj (.text:compute_distance_1)
                  00002664    00000064     rtsv7M4_T_le_v4SPD16_eabi.lib : xdunscal.obj (.text)
                  000026c8    00000060     driverlib.lib : interrupt.obj (.text:IntEnable)
                  00002728    00000060     uartstdio.obj (.text:UARTStdioConfig)
                  00002788    0000005e     rtsv7M4_T_le_v4SPD16_eabi.lib : copy_decompress_rle.obj (.text)
                  000027e6    00000002     --HOLE-- [fill = 0]
                  000027e8    0000005c     driverlib.lib : timer.obj (.text:TimerConfigure)
                  00002844    0000004a     rtsv7M4_T_le_v4SPD16_eabi.lib : fd_tos_t2.obj (.text)
                  0000288e    00000002     --HOLE-- [fill = 0]
                  00002890    00000048     driverlib.lib : gpio.obj (.text:GPIOPinConfigure)
                  000028d8    00000048     uartstdio.obj (.text:UARTwrite)
                  00002920    00000048     rtsv7M4_T_le_v4SPD16_eabi.lib : boot.obj (.text)
                  00002968    00000048                                   : fd_toi_t2.obj (.text)
                  000029b0    00000046     something.obj (.text:uarttogui)
                  000029f6    00000044     adxl345.obj (.text:adxl345_ReadXYZRawData)
                  00002a3a    00000002     --HOLE-- [fill = 0]
                  00002a3c    00000044     rtsv7M4_T_le_v4SPD16_eabi.lib : cpy_tbl.obj (.text)
                  00002a80    00000044                                   : exit.obj (.text)
                  00002ac4    00000042                                   : u_divt2.obj (.text)
                  00002b06    00000002     --HOLE-- [fill = 0]
                  00002b08    00000040                                   : signal.obj (.text)
                  00002b48    00000038                                   : fs_tod_t2.obj (.text)
                  00002b80    00000034     driverlib.lib : sysctl.obj (.text:SysCtlPeripheralEnable)
                  00002bb4    00000034     adxl345.obj (.text:adxl345_SetRangeSetting)
                  00002be8    00000034     rtsv7M4_T_le_v4SPD16_eabi.lib : feraiseexcept.obj (.text)
                  00002c1c    00000030                                   : xferaise.obj (.text)
                  00002c4c    0000002e     adxl345.obj (.text:adxl345_SetRegisterBit)
                  00002c7a    0000002e     rtsv7M4_T_le_v4SPD16_eabi.lib : i_tofd_t2.obj (.text)
                  00002ca8    0000002e                                   : raise.obj (.text)
                  00002cd6    0000002c     adxl345.obj (.text:adxl345_Config)
                  00002d02    0000002a     driverlib.lib : gpio.obj (.text:GPIODirModeSet)
                  00002d2c    00000026     adxl345.obj (.text:adxl345_SetAxisOffset)
                  00002d52    0000001a     uartstdio.obj (.text:UARTprintf)
                  00002d6c    0000001a     adxl345.obj (.text:adxl345_BypassFifo)
                  00002d86    0000001a     rtsv7M4_T_le_v4SPD16_eabi.lib : log.obj (.text)
                  00002da0    00000018     driverlib.lib : gpio.obj (.text:GPIOPinTypeGPIOOutput)
                  00002db8    00000018     rtsv7M4_T_le_v4SPD16_eabi.lib : args_main.obj (.text)
                  00002dd0    00000014                                   : _lock.obj (.text)
                  00002de4    00000012     driverlib.lib : gpio.obj (.text:GPIOPinTypeI2CSCL)
                  00002df6    00000012                   : timer.obj (.text:TimerLoadSet)
                  00002e08    00000012     rtsv7M4_T_le_v4SPD16_eabi.lib : copy_zero_init.obj (.text:decompress:ZI)
                  00002e1a    0000000e     driverlib.lib : timer.obj (.text:TimerEnable)
                  00002e28    0000000e     rtsv7M4_T_le_v4SPD16_eabi.lib : copy_decompress_none.obj (.text:decompress:none)
                  00002e36    0000000c     driverlib.lib : cpu.obj (.text:CPUcpsie)
                  00002e42    0000000a                   : interrupt.obj (.text:IntMasterEnable)
                  00002e4c    0000000a                   : timer.obj (.text:TimerValueGet)
                  00002e56    0000000a     adxl345.obj (.text:adxl345_PowerOn)
                  00002e60    0000000a     adxl345.obj (.text:adxl345_SetFullResBit)
                  00002e6a    00000008     driverlib.lib : timer.obj (.text:TimerIntEnable)
                  00002e72    00000006                   : gpio.obj (.text:GPIOPinRead)
                  00002e78    00000006                   : gpio.obj (.text:GPIOPinWrite)
                  00002e7e    00000006     startup_ccs.obj (.text:ResetISR)
                  00002e84    00000006     driverlib.lib : sysctl.obj (.text:SysCtlDelay)
                  00002e8a    00000006     rtsv7M4_T_le_v4SPD16_eabi.lib : copy_decompress_rle.obj (.text:decompress:rle24)
                  00002e90    00000004     driverlib.lib : i2c.obj (.text:I2CMasterDataGet)
                  00002e94    00000004                   : timer.obj (.text:TimerIntClear)

.const     0    00002e98    0000024e     
                  00002e98    00000090     driverlib.lib : gpio.obj (.const:g_pui32GPIOBaseAddrs)
                  00002f28    00000070                   : interrupt.obj (.const)
                  00002f98    0000006c                   : sysctl.obj (.const:g_pui32Xtals)
                  00003004    00000004     --HOLE-- [fill = 0]
                  00003008    00000048     rtsv7M4_T_le_v4SPD16_eabi.lib : xexp.obj (.const)
                  00003050    00000038                                   : xlog.obj (.const:p)
                  00003088    00000030                                   : xdint.obj (.const)
                  000030b8    0000001c     uartstdio.obj (.const)
                  000030d4    00000012     uartstdio.obj (.const:.string)

.cinit     0    000030e8    000000d8     
                  000030e8    000000af     (.cinit..data.load) [load image, compression = rle]
                  00003197    00000001     --HOLE-- [fill = 0]
                  00003198    0000000c     (__TI_handler_table)
                  000031a4    00000004     --HOLE-- [fill = 0]
                  000031a8    00000008     (.cinit..bss.load) [load image, compression = zero_init]
                  000031b0    00000010     (__TI_cinit_table)

.bss       0    20000000    0000370a     UNINITIALIZED
                  20000000    000036b0     something.obj (.bss:ball1)
                  200036b0    0000002c     adxl345.obj (.bss:gADXL345)
                  200036dc    00000004     (.common:d1)
                  200036e0    00000004     (.common:d2)
                  200036e4    00000004     (.common:fraction)
                  200036e8    00000004     (.common:gAXC)
                  200036ec    00000004     (.common:gAYC)
                  200036f0    00000004     (.common:gAZC)
                  200036f4    00000004     (.common:g_ui32CPUUsagePrevious)
                  200036f8    00000004     (.common:percent)
                  200036fc    00000004     (.common:ui32Usage)
                  20003700    00000004     (.common:ui32Value)
                  20003704    00000002     (.common:gAXRaw)
                  20003706    00000002     (.common:gAYRaw)
                  20003708    00000002     (.common:gAZRaw)

.stack     0    2000370c    00001f40     UNINITIALIZED
                  2000370c    00001f40     --HOLE--

.data      0    20005650    00000218     UNINITIALIZED
                  20005650    000000b0     rtsv7M4_T_le_v4SPD16_eabi.lib : signal.obj (.data:sigtable)
                  20005700    00000080                                   : xvalues.obj (.data)
                  20005780    00000068                                   : xfvalues.obj (.data)
                  200057e8    00000058     something.obj (.data)
                  20005840    00000008     rtsv7M4_T_le_v4SPD16_eabi.lib : _lock.obj (.data)
                  20005848    00000008                                   : exit.obj (.data)
                  20005850    00000008                                   : feraiseexcept.obj (.data)
                  20005858    00000005     uartstdio.obj (.data)
                  2000585d    00000003     --HOLE--
                  20005860    00000004     rtsv7M4_T_le_v4SPD16_eabi.lib : errno.obj (.data)
                  20005864    00000004                                   : stkdepth_vars.obj (.data)


LINKER GENERATED COPY TABLES

__TI_cinit_table @ 000031b0 records: 2, size/record: 8, table size: 16
	.data: load addr=000030e8, load size=000000af bytes, run addr=20005650, run size=00000218 bytes, compression=rle
	.bss: load addr=000031a8, load size=00000008 bytes, run addr=20000000, run size=0000370a bytes, compression=zero_init


LINKER GENERATED HANDLER TABLE

__TI_handler_table @ 00003198 records: 3, size/record: 4, table size: 12
	index: 0, handler: __TI_decompress_rle24
	index: 1, handler: __TI_decompress_none
	index: 2, handler: __TI_zero_init


GLOBAL SYMBOLS: SORTED ALPHABETICALLY BY Name 

address    name
--------   ----
200057ec   BALL_SIZE
00002a81   C$$EXIT
200057f0   COMPUATION_TIME
00002e37   CPUcpsie
00002d03   GPIODirModeSet
00001957   GPIOPadConfigSet
00002891   GPIOPinConfigure
00002e73   GPIOPinRead
00002da1   GPIOPinTypeGPIOOutput
00002de5   GPIOPinTypeI2CSCL
00002e79   GPIOPinWrite
00002e91   I2CMasterDataGet
20005814   Init_pos_x
20005818   Init_pos_y
000026c9   IntEnable
00002e43   IntMasterEnable
2000581c   Line1_X1
20005824   Line1_X2
20005820   Line1_Y1
20005828   Line1_Y2
2000582c   Line2_X1
20005834   Line2_X2
20005830   Line2_Y1
20005838   Line2_Y2
200057f4   MODE
2000583c   NO_OF_BALLS
00002e7f   ResetISR
UNDEFED    SHT$$INIT_ARRAY$$Base
UNDEFED    SHT$$INIT_ARRAY$$Limit
00001e71   SysCtlClockGet
00001b99   SysCtlClockSet
00002e85   SysCtlDelay
00002b81   SysCtlPeripheralEnable
00002409   Timer0IntHandler
00000715   Timer1IntHandler
000027e9   TimerConfigure
00002e1b   TimerEnable
00002e95   TimerIntClear
00002e6b   TimerIntEnable
00002df7   TimerLoadSet
00002e4d   TimerValueGet
00002519   UARTIntHandler
00002729   UARTStdioConfig
00002d53   UARTprintf
00001001   UARTvprintf
000028d9   UARTwrite
20005700   _Denorm
00002001   _Dint
000020c5   _Dnorm
00001a89   _Dscale
00002665   _Dunscale
20005710   _Eps
20005860   _Errno
00000e05   _Exp
20005780   _FDenorm
20005790   _FEps
200057a0   _FInf
200057b0   _FNan
200057d0   _FRteps
200057c0   _FSnan
200057e0   _FXbig
200057e4   _FZero
20005850   _Fenv
00002c1d   _Feraise
20005720   _Hugeval
20005730   _Inf
00000b19   _Log
20005740   _Nan
20005760   _Rteps
20005750   _Snan
20005854   _Tls_setup__Fenv
20005770   _Xbig
20005778   _Zero
2000564c   __STACK_END
00001f40   __STACK_SIZE
2000380c   __STACK_TOP
000031b0   __TI_CINIT_Base
000031c0   __TI_CINIT_Limit
00003198   __TI_Handler_Table_Base
000031a4   __TI_Handler_Table_Limit
00000001   __TI_args_main
00002375   __TI_auto_init
20005848   __TI_cleanup_ptr
00002e29   __TI_decompress_none
00002e8b   __TI_decompress_rle24
2000584c   __TI_dtors_ptr
00000000   __TI_static_base__
00002e09   __TI_zero_init
00002499   __aeabi_cdcmpeq
00002499   __aeabi_cdcmple
00002845   __aeabi_d2f
00002969   __aeabi_d2iz
000013cb   __aeabi_dadd
00001821   __aeabi_ddiv
00001c9d   __aeabi_dmul
000013c1   __aeabi_dsub
00002b49   __aeabi_f2d
00002c7b   __aeabi_i2d
000022d9   __aeabi_memcpy
000022d9   __aeabi_memcpy4
000022d9   __aeabi_memcpy8
00002ac5   __aeabi_uidivmod
ffffffff   __binit__
ffffffff   __c_args__
2000370c   __stack
00002db9   _args_main
00002921   _c_int00
20005840   _lock
00002ddf   _nop
00002dd7   _register_lock
00002dd1   _register_unlock
20005844   _unlock
00002a85   abort
00002d6d   adxl345_BypassFifo
00002cd7   adxl345_Config
00002591   adxl345_GetCorrectedData
00002e57   adxl345_PowerOn
000029f7   adxl345_ReadXYZRawData
00002d2d   adxl345_SetAxisOffset
00002e61   adxl345_SetFullResBit
00002bb5   adxl345_SetRangeSetting
00002c4d   adxl345_SetRegisterBit
20000000   ball1
ffffffff   binit
00001579   collision_detected
000025fd   compute_distance_1
00002189   compute_distance_2
00002a3d   copy_in
200036dc   d1
200036e0   d2
00002a8d   exit
00002be9   feraiseexcept
200036e4   fraction
200036b0   gADXL345
200036e8   gAXC
20003704   gAXRaw
200036ec   gAYC
20003706   gAYRaw
200036f0   gAZC
20003708   gAZRaw
00000000   g_pfnVectors
00001d99   i2c_RcvBuf
00002231   i2c_RcvByte
00001f39   i2c_XmtByte
00002cd7   imu_Init
00002d87   log
000011ed   main
20005864   main_func_sp
000022d9   memcpy
20005810   output
200036f8   percent
0000026d   pow
00002ca9   raise
00002b09   signal
000016d9   sqrt
200057e8   t
000029b1   uarttogui


GLOBAL SYMBOLS: SORTED BY Symbol Address 

address    name
--------   ----
00000000   __TI_static_base__
00000000   g_pfnVectors
00000001   __TI_args_main
0000026d   pow
00000715   Timer1IntHandler
00000b19   _Log
00000e05   _Exp
00001001   UARTvprintf
000011ed   main
000013c1   __aeabi_dsub
000013cb   __aeabi_dadd
00001579   collision_detected
000016d9   sqrt
00001821   __aeabi_ddiv
00001957   GPIOPadConfigSet
00001a89   _Dscale
00001b99   SysCtlClockSet
00001c9d   __aeabi_dmul
00001d99   i2c_RcvBuf
00001e71   SysCtlClockGet
00001f39   i2c_XmtByte
00001f40   __STACK_SIZE
00002001   _Dint
000020c5   _Dnorm
00002189   compute_distance_2
00002231   i2c_RcvByte
000022d9   __aeabi_memcpy
000022d9   __aeabi_memcpy4
000022d9   __aeabi_memcpy8
000022d9   memcpy
00002375   __TI_auto_init
00002409   Timer0IntHandler
00002499   __aeabi_cdcmpeq
00002499   __aeabi_cdcmple
00002519   UARTIntHandler
00002591   adxl345_GetCorrectedData
000025fd   compute_distance_1
00002665   _Dunscale
000026c9   IntEnable
00002729   UARTStdioConfig
000027e9   TimerConfigure
00002845   __aeabi_d2f
00002891   GPIOPinConfigure
000028d9   UARTwrite
00002921   _c_int00
00002969   __aeabi_d2iz
000029b1   uarttogui
000029f7   adxl345_ReadXYZRawData
00002a3d   copy_in
00002a81   C$$EXIT
00002a85   abort
00002a8d   exit
00002ac5   __aeabi_uidivmod
00002b09   signal
00002b49   __aeabi_f2d
00002b81   SysCtlPeripheralEnable
00002bb5   adxl345_SetRangeSetting
00002be9   feraiseexcept
00002c1d   _Feraise
00002c4d   adxl345_SetRegisterBit
00002c7b   __aeabi_i2d
00002ca9   raise
00002cd7   adxl345_Config
00002cd7   imu_Init
00002d03   GPIODirModeSet
00002d2d   adxl345_SetAxisOffset
00002d53   UARTprintf
00002d6d   adxl345_BypassFifo
00002d87   log
00002da1   GPIOPinTypeGPIOOutput
00002db9   _args_main
00002dd1   _register_unlock
00002dd7   _register_lock
00002ddf   _nop
00002de5   GPIOPinTypeI2CSCL
00002df7   TimerLoadSet
00002e09   __TI_zero_init
00002e1b   TimerEnable
00002e29   __TI_decompress_none
00002e37   CPUcpsie
00002e43   IntMasterEnable
00002e4d   TimerValueGet
00002e57   adxl345_PowerOn
00002e61   adxl345_SetFullResBit
00002e6b   TimerIntEnable
00002e73   GPIOPinRead
00002e79   GPIOPinWrite
00002e7f   ResetISR
00002e85   SysCtlDelay
00002e8b   __TI_decompress_rle24
00002e91   I2CMasterDataGet
00002e95   TimerIntClear
00003198   __TI_Handler_Table_Base
000031a4   __TI_Handler_Table_Limit
000031b0   __TI_CINIT_Base
000031c0   __TI_CINIT_Limit
20000000   ball1
200036b0   gADXL345
200036dc   d1
200036e0   d2
200036e4   fraction
200036e8   gAXC
200036ec   gAYC
200036f0   gAZC
200036f8   percent
20003704   gAXRaw
20003706   gAYRaw
20003708   gAZRaw
2000370c   __stack
2000380c   __STACK_TOP
2000564c   __STACK_END
20005700   _Denorm
20005710   _Eps
20005720   _Hugeval
20005730   _Inf
20005740   _Nan
20005750   _Snan
20005760   _Rteps
20005770   _Xbig
20005778   _Zero
20005780   _FDenorm
20005790   _FEps
200057a0   _FInf
200057b0   _FNan
200057c0   _FSnan
200057d0   _FRteps
200057e0   _FXbig
200057e4   _FZero
200057e8   t
200057ec   BALL_SIZE
200057f0   COMPUATION_TIME
200057f4   MODE
20005810   output
20005814   Init_pos_x
20005818   Init_pos_y
2000581c   Line1_X1
20005820   Line1_Y1
20005824   Line1_X2
20005828   Line1_Y2
2000582c   Line2_X1
20005830   Line2_Y1
20005834   Line2_X2
20005838   Line2_Y2
2000583c   NO_OF_BALLS
20005840   _lock
20005844   _unlock
20005848   __TI_cleanup_ptr
2000584c   __TI_dtors_ptr
20005850   _Fenv
20005854   _Tls_setup__Fenv
20005860   _Errno
20005864   main_func_sp
ffffffff   __binit__
ffffffff   __c_args__
ffffffff   binit
UNDEFED    SHT$$INIT_ARRAY$$Base
UNDEFED    SHT$$INIT_ARRAY$$Limit

[157 symbols]
